Fetching 2 files:   0%|          | 0/2 [00:00<?, ?it/s]Fetching 2 files:  50%|█████     | 1/2 [00:03<00:03,  3.03s/it]Fetching 2 files: 100%|██████████| 2/2 [00:03<00:00,  1.52s/it]
WARNING[XFORMERS]: xFormers can't load C++/CUDA extensions. xFormers was built for:
    PyTorch 2.10.0+cu128 with CUDA 1208 (you have 2.14.0+cu130)
    Python  3.10.19 (you have 3.12.14)
  Please reinstall xformers (see https://github.com/facebookresearch/xformers#installing-xformers)
  Memory-efficient attention, SwiGLU, sparse and more won't be available.
  Set XFORMERS_MORE_DETAILS=1 for more details
[93m[WARN ] Dependency `gsplat` is required for rendering 3DGS. Install via: pip install git+https://github.com/nerfstudio-project/gsplat.git@0b4dddf04cb687367602c01196913cde6a743d70[0m
[97m[INFO ] using MLP layer as FFN[0m
Loading weights from local directory
[97m[INFO ] using MLP layer as FFN[0m
Loading weights from local directory
[97m[INFO ] Processed Images Done taking 0.015431880950927734 seconds. Shape:  torch.Size([1, 3, 126, 168])[0m
[97m[INFO ] Model Forward Pass Done. Time: 0.2906651496887207 seconds[0m
[97m[INFO ] Conversion to Prediction Done. Time: 0.0001964569091796875 seconds[0m
rgbd_dataset_freiburg1_xyz: 1/80
[97m[INFO ] Processed Images Done taking 0.012826681137084961 seconds. Shape:  torch.Size([2, 3, 126, 168])[0m
[97m[INFO ] Model Forward Pass Done. Time: 0.5240249633789062 seconds[0m
[97m[INFO ] Conversion to Prediction Done. Time: 7.319450378417969e-05 seconds[0m
[97m[INFO ] Processed Images Done taking 0.014412164688110352 seconds. Shape:  torch.Size([3, 3, 126, 168])[0m
[97m[INFO ] Selecting reference view using strategy: first[0m
[97m[INFO ] Model Forward Pass Done. Time: 0.6506965160369873 seconds[0m
[97m[INFO ] Conversion to Prediction Done. Time: 5.435943603515625e-05 seconds[0m
[97m[INFO ] Processed Images Done taking 0.028771638870239258 seconds. Shape:  torch.Size([4, 3, 126, 168])[0m
[97m[INFO ] Selecting reference view using strategy: first[0m
[97m[INFO ] Model Forward Pass Done. Time: 0.924588680267334 seconds[0m
[97m[INFO ] Conversion to Prediction Done. Time: 5.817413330078125e-05 seconds[0m
[97m[INFO ] Processed Images Done taking 0.020634174346923828 seconds. Shape:  torch.Size([4, 3, 126, 168])[0m
[97m[INFO ] Selecting reference view using strategy: first[0m
[97m[INFO ] Model Forward Pass Done. Time: 0.935704231262207 seconds[0m
[97m[INFO ] Conversion to Prediction Done. Time: 5.626678466796875e-05 seconds[0m
[97m[INFO ] Processed Images Done taking 0.016432762145996094 seconds. Shape:  torch.Size([4, 3, 126, 168])[0m
[97m[INFO ] Selecting reference view using strategy: first[0m
[97m[INFO ] Model Forward Pass Done. Time: 0.9691603183746338 seconds[0m
[97m[INFO ] Conversion to Prediction Done. Time: 5.435943603515625e-05 seconds[0m
[97m[INFO ] Processed Images Done taking 0.01587057113647461 seconds. Shape:  torch.Size([4, 3, 126, 168])[0m
[97m[INFO ] Selecting reference view using strategy: first[0m
[97m[INFO ] Model Forward Pass Done. Time: 0.8575892448425293 seconds[0m
[97m[INFO ] Conversion to Prediction Done. Time: 0.0016884803771972656 seconds[0m
[97m[INFO ] Processed Images Done taking 0.017433881759643555 seconds. Shape:  torch.Size([4, 3, 126, 168])[0m
[97m[INFO ] Selecting reference view using strategy: first[0m
[97m[INFO ] Model Forward Pass Done. Time: 0.8713719844818115 seconds[0m
[97m[INFO ] Conversion to Prediction Done. Time: 5.626678466796875e-05 seconds[0m
[97m[INFO ] Processed Images Done taking 0.017691850662231445 seconds. Shape:  torch.Size([4, 3, 126, 168])[0m
[97m[INFO ] Selecting reference view using strategy: first[0m
[97m[INFO ] Model Forward Pass Done. Time: 0.7884788513183594 seconds[0m
[97m[INFO ] Conversion to Prediction Done. Time: 5.626678466796875e-05 seconds[0m
[97m[INFO ] Processed Images Done taking 0.017650365829467773 seconds. Shape:  torch.Size([4, 3, 126, 168])[0m
[97m[INFO ] Selecting reference view using strategy: first[0m
[97m[INFO ] Model Forward Pass Done. Time: 0.8099884986877441 seconds[0m
[97m[INFO ] Conversion to Prediction Done. Time: 5.5789947509765625e-05 seconds[0m
[97m[INFO ] Processed Images Done taking 0.016855239868164062 seconds. Shape:  torch.Size([4, 3, 126, 168])[0m
[97m[INFO ] Selecting reference view using strategy: first[0m
[97m[INFO ] Model Forward Pass Done. Time: 0.9822292327880859 seconds[0m
[97m[INFO ] Conversion to Prediction Done. Time: 9.012222290039062e-05 seconds[0m
rgbd_dataset_freiburg1_xyz: 11/80
[97m[INFO ] Processed Images Done taking 0.0165252685546875 seconds. Shape:  torch.Size([4, 3, 126, 168])[0m
[97m[INFO ] Selecting reference view using strategy: first[0m
[97m[INFO ] Model Forward Pass Done. Time: 0.7988142967224121 seconds[0m
[97m[INFO ] Conversion to Prediction Done. Time: 5.5789947509765625e-05 seconds[0m
[97m[INFO ] Processed Images Done taking 0.03300619125366211 seconds. Shape:  torch.Size([6, 3, 126, 168])[0m
[97m[INFO ] Processed Images Done taking 0.02593255043029785 seconds. Shape:  torch.Size([4, 3, 126, 168])[0m
[97m[INFO ] Selecting reference view using strategy: first[0m
[97m[INFO ] Selecting reference view using strategy: first[0m
[97m[INFO ] Model Forward Pass Done. Time: 0.9350714683532715 seconds[0m
[97m[INFO ] Conversion to Prediction Done. Time: 5.4836273193359375e-05 seconds[0m
[97m[INFO ] Processed Images Done taking 0.030516386032104492 seconds. Shape:  torch.Size([4, 3, 126, 168])[0m
[97m[INFO ] Selecting reference view using strategy: first[0m
[97m[INFO ] Model Forward Pass Done. Time: 1.521425485610962 seconds[0m
[97m[INFO ] Conversion to Prediction Done. Time: 0.00011467933654785156 seconds[0m
[97m[INFO ] Model Forward Pass Done. Time: 0.9044826030731201 seconds[0m
[97m[INFO ] Conversion to Prediction Done. Time: 5.626678466796875e-05 seconds[0m
[97m[INFO ] Processed Images Done taking 0.015987634658813477 seconds. Shape:  torch.Size([4, 3, 126, 168])[0m
[97m[INFO ] Selecting reference view using strategy: first[0m
[97m[INFO ] Model Forward Pass Done. Time: 0.8808794021606445 seconds[0m
[97m[INFO ] Conversion to Prediction Done. Time: 7.104873657226562e-05 seconds[0m
[97m[INFO ] Processed Images Done taking 0.022604703903198242 seconds. Shape:  torch.Size([4, 3, 126, 168])[0m
[97m[INFO ] Selecting reference view using strategy: first[0m
[97m[INFO ] Model Forward Pass Done. Time: 0.7642526626586914 seconds[0m
[97m[INFO ] Conversion to Prediction Done. Time: 5.412101745605469e-05 seconds[0m
[97m[INFO ] Processed Images Done taking 0.029606342315673828 seconds. Shape:  torch.Size([7, 3, 126, 168])[0m
[97m[INFO ] Processed Images Done taking 0.016358613967895508 seconds. Shape:  torch.Size([4, 3, 126, 168])[0m
[97m[INFO ] Selecting reference view using strategy: first[0m
[97m[INFO ] Selecting reference view using strategy: first[0m
[97m[INFO ] Model Forward Pass Done. Time: 0.9424693584442139 seconds[0m
[97m[INFO ] Conversion to Prediction Done. Time: 5.626678466796875e-05 seconds[0m
[97m[INFO ] Processed Images Done taking 0.016530990600585938 seconds. Shape:  torch.Size([4, 3, 126, 168])[0m
[97m[INFO ] Selecting reference view using strategy: first[0m
[97m[INFO ] Model Forward Pass Done. Time: 1.6373562812805176 seconds[0m
[97m[INFO ] Conversion to Prediction Done. Time: 7.081031799316406e-05 seconds[0m
[97m[INFO ] Model Forward Pass Done. Time: 1.042346477508545 seconds[0m
[97m[INFO ] Conversion to Prediction Done. Time: 6.0558319091796875e-05 seconds[0m
[97m[INFO ] Processed Images Done taking 0.027561426162719727 seconds. Shape:  torch.Size([4, 3, 126, 168])[0m
[97m[INFO ] Selecting reference view using strategy: first[0m
[97m[INFO ] Model Forward Pass Done. Time: 0.8159971237182617 seconds[0m
[97m[INFO ] Conversion to Prediction Done. Time: 6.127357482910156e-05 seconds[0m
[97m[INFO ] Processed Images Done taking 0.017645597457885742 seconds. Shape:  torch.Size([4, 3, 126, 168])[0m
[97m[INFO ] Selecting reference view using strategy: first[0m
[97m[INFO ] Model Forward Pass Done. Time: 0.9360401630401611 seconds[0m
[97m[INFO ] Conversion to Prediction Done. Time: 6.508827209472656e-05 seconds[0m
[97m[INFO ] Processed Images Done taking 0.03543376922607422 seconds. Shape:  torch.Size([6, 3, 126, 168])[0m
[97m[INFO ] Processed Images Done taking 0.037299156188964844 seconds. Shape:  torch.Size([4, 3, 126, 168])[0m
[97m[INFO ] Selecting reference view using strategy: first[0m
[97m[INFO ] Selecting reference view using strategy: first[0m
[97m[INFO ] Model Forward Pass Done. Time: 0.9247620105743408 seconds[0m
[97m[INFO ] Conversion to Prediction Done. Time: 7.319450378417969e-05 seconds[0m
rgbd_dataset_freiburg1_xyz: 21/80
[97m[INFO ] Processed Images Done taking 0.021643638610839844 seconds. Shape:  torch.Size([4, 3, 126, 168])[0m
[97m[INFO ] Selecting reference view using strategy: first[0m
[97m[INFO ] Model Forward Pass Done. Time: 1.4095115661621094 seconds[0m
[97m[INFO ] Conversion to Prediction Done. Time: 7.581710815429688e-05 seconds[0m
[97m[INFO ] Model Forward Pass Done. Time: 0.9743154048919678 seconds[0m
[97m[INFO ] Conversion to Prediction Done. Time: 5.841255187988281e-05 seconds[0m
[97m[INFO ] Processed Images Done taking 0.01907491683959961 seconds. Shape:  torch.Size([4, 3, 126, 168])[0m
[97m[INFO ] Selecting reference view using strategy: first[0m
[97m[INFO ] Model Forward Pass Done. Time: 0.7912442684173584 seconds[0m
[97m[INFO ] Conversion to Prediction Done. Time: 5.626678466796875e-05 seconds[0m
[97m[INFO ] Processed Images Done taking 0.017839431762695312 seconds. Shape:  torch.Size([4, 3, 126, 168])[0m
[97m[INFO ] Selecting reference view using strategy: first[0m
[97m[INFO ] Model Forward Pass Done. Time: 0.7919013500213623 seconds[0m
[97m[INFO ] Conversion to Prediction Done. Time: 6.198883056640625e-05 seconds[0m
[97m[INFO ] Processed Images Done taking 0.03333544731140137 seconds. Shape:  torch.Size([7, 3, 126, 168])[0m
[97m[INFO ] Processed Images Done taking 0.031670331954956055 seconds. Shape:  torch.Size([4, 3, 126, 168])[0m
[97m[INFO ] Selecting reference view using strategy: first[0m
[97m[INFO ] Selecting reference view using strategy: first[0m
[97m[INFO ] Model Forward Pass Done. Time: 1.0131523609161377 seconds[0m
[97m[INFO ] Conversion to Prediction Done. Time: 8.440017700195312e-05 seconds[0m
[97m[INFO ] Processed Images Done taking 0.01813530921936035 seconds. Shape:  torch.Size([4, 3, 126, 168])[0m
[97m[INFO ] Selecting reference view using strategy: first[0m
[97m[INFO ] Model Forward Pass Done. Time: 1.6889288425445557 seconds[0m
[97m[INFO ] Conversion to Prediction Done. Time: 8.225440979003906e-05 seconds[0m
[97m[INFO ] Model Forward Pass Done. Time: 1.0245745182037354 seconds[0m
[97m[INFO ] Conversion to Prediction Done. Time: 6.914138793945312e-05 seconds[0m
[97m[INFO ] Processed Images Done taking 0.014805793762207031 seconds. Shape:  torch.Size([4, 3, 126, 168])[0m
[97m[INFO ] Selecting reference view using strategy: first[0m
[97m[INFO ] Model Forward Pass Done. Time: 0.8338327407836914 seconds[0m
[97m[INFO ] Conversion to Prediction Done. Time: 0.00022983551025390625 seconds[0m
[97m[INFO ] Processed Images Done taking 0.016176462173461914 seconds. Shape:  torch.Size([4, 3, 126, 168])[0m
[97m[INFO ] Selecting reference view using strategy: first[0m
[97m[INFO ] Model Forward Pass Done. Time: 0.814889669418335 seconds[0m
[97m[INFO ] Conversion to Prediction Done. Time: 7.939338684082031e-05 seconds[0m
[97m[INFO ] Processed Images Done taking 0.034044742584228516 seconds. Shape:  torch.Size([7, 3, 126, 168])[0m
[97m[INFO ] Processed Images Done taking 0.0417180061340332 seconds. Shape:  torch.Size([4, 3, 126, 168])[0m
[97m[INFO ] Selecting reference view using strategy: first[0m
[97m[INFO ] Selecting reference view using strategy: first[0m
[97m[INFO ] Model Forward Pass Done. Time: 0.9195818901062012 seconds[0m
[97m[INFO ] Conversion to Prediction Done. Time: 5.459785461425781e-05 seconds[0m
[97m[INFO ] Processed Images Done taking 0.03405117988586426 seconds. Shape:  torch.Size([4, 3, 126, 168])[0m
[97m[INFO ] Selecting reference view using strategy: first[0m
[97m[INFO ] Model Forward Pass Done. Time: 1.5262258052825928 seconds[0m
[97m[INFO ] Conversion to Prediction Done. Time: 5.7220458984375e-05 seconds[0m
[97m[INFO ] Model Forward Pass Done. Time: 0.9710564613342285 seconds[0m
[97m[INFO ] Conversion to Prediction Done. Time: 5.888938903808594e-05 seconds[0m
[97m[INFO ] Processed Images Done taking 0.05343937873840332 seconds. Shape:  torch.Size([4, 3, 126, 168])[0m
[97m[INFO ] Selecting reference view using strategy: first[0m
[97m[INFO ] Model Forward Pass Done. Time: 0.9465656280517578 seconds[0m
[97m[INFO ] Conversion to Prediction Done. Time: 5.745887756347656e-05 seconds[0m
rgbd_dataset_freiburg1_xyz: 31/80
[97m[INFO ] Processed Images Done taking 0.014546394348144531 seconds. Shape:  torch.Size([4, 3, 126, 168])[0m
[97m[INFO ] Selecting reference view using strategy: first[0m
[97m[INFO ] Model Forward Pass Done. Time: 0.8117668628692627 seconds[0m
[97m[INFO ] Conversion to Prediction Done. Time: 6.365776062011719e-05 seconds[0m
[97m[INFO ] Processed Images Done taking 0.06374454498291016 seconds. Shape:  torch.Size([4, 3, 126, 168])[0m
[97m[INFO ] Processed Images Done taking 0.1297450065612793 seconds. Shape:  torch.Size([6, 3, 126, 168])[0m
[97m[INFO ] Selecting reference view using strategy: first[0m
[97m[INFO ] Selecting reference view using strategy: first[0m
[97m[INFO ] Model Forward Pass Done. Time: 0.9030718803405762 seconds[0m
[97m[INFO ] Conversion to Prediction Done. Time: 5.6743621826171875e-05 seconds[0m
[97m[INFO ] Processed Images Done taking 0.019132614135742188 seconds. Shape:  torch.Size([4, 3, 126, 168])[0m
[97m[INFO ] Selecting reference view using strategy: first[0m
[97m[INFO ] Model Forward Pass Done. Time: 1.5808508396148682 seconds[0m
[97m[INFO ] Conversion to Prediction Done. Time: 5.7697296142578125e-05 seconds[0m
[97m[INFO ] Processed Images Done taking 0.056636810302734375 seconds. Shape:  torch.Size([18, 3, 126, 168])[0m
[97m[INFO ] Model Forward Pass Done. Time: 0.9365746974945068 seconds[0m
[97m[INFO ] Conversion to Prediction Done. Time: 6.937980651855469e-05 seconds[0m
[97m[INFO ] Processed Images Done taking 0.013266801834106445 seconds. Shape:  torch.Size([4, 3, 126, 168])[0m
[97m[INFO ] Selecting reference view using strategy: first[0m
[97m[INFO ] Selecting reference view using strategy: first[0m
[97m[INFO ] Model Forward Pass Done. Time: 0.8728222846984863 seconds[0m
[97m[INFO ] Conversion to Prediction Done. Time: 5.435943603515625e-05 seconds[0m
[97m[INFO ] Processed Images Done taking 0.07611918449401855 seconds. Shape:  torch.Size([4, 3, 126, 168])[0m
[97m[INFO ] Selecting reference view using strategy: first[0m
[97m[INFO ] Model Forward Pass Done. Time: 0.9880626201629639 seconds[0m
[97m[INFO ] Conversion to Prediction Done. Time: 0.0007956027984619141 seconds[0m
[97m[INFO ] Processed Images Done taking 0.030318498611450195 seconds. Shape:  torch.Size([4, 3, 126, 168])[0m
[97m[INFO ] Selecting reference view using strategy: first[0m
[97m[INFO ] Model Forward Pass Done. Time: 0.9167773723602295 seconds[0m
[97m[INFO ] Conversion to Prediction Done. Time: 6.270408630371094e-05 seconds[0m
[97m[INFO ] Processed Images Done taking 0.019997358322143555 seconds. Shape:  torch.Size([4, 3, 126, 168])[0m
[97m[INFO ] Selecting reference view using strategy: first[0m
[97m[INFO ] Model Forward Pass Done. Time: 0.9602065086364746 seconds[0m
[97m[INFO ] Conversion to Prediction Done. Time: 0.00013566017150878906 seconds[0m
[97m[INFO ] Processed Images Done taking 0.015369415283203125 seconds. Shape:  torch.Size([4, 3, 126, 168])[0m
[97m[INFO ] Selecting reference view using strategy: first[0m
[97m[INFO ] Model Forward Pass Done. Time: 4.360180854797363 seconds[0m
[97m[INFO ] Conversion to Prediction Done. Time: 5.6743621826171875e-05 seconds[0m
[97m[INFO ] Processed Images Done taking 0.03343057632446289 seconds. Shape:  torch.Size([6, 3, 126, 168])[0m
[97m[INFO ] Selecting reference view using strategy: first[0m
[97m[INFO ] Model Forward Pass Done. Time: 1.106128215789795 seconds[0m
[97m[INFO ] Conversion to Prediction Done. Time: 6.008148193359375e-05 seconds[0m
[97m[INFO ] Processed Images Done taking 0.02070784568786621 seconds. Shape:  torch.Size([4, 3, 126, 168])[0m
[97m[INFO ] Selecting reference view using strategy: first[0m
[97m[INFO ] Model Forward Pass Done. Time: 1.379593849182129 seconds[0m
[97m[INFO ] Conversion to Prediction Done. Time: 0.00017976760864257812 seconds[0m
[97m[INFO ] Model Forward Pass Done. Time: 1.2864046096801758 seconds[0m
[97m[INFO ] Conversion to Prediction Done. Time: 0.0012958049774169922 seconds[0m
[97m[INFO ] Processed Images Done taking 0.06048274040222168 seconds. Shape:  torch.Size([6, 3, 126, 168])[0m
[97m[INFO ] Processed Images Done taking 0.04594779014587402 seconds. Shape:  torch.Size([4, 3, 126, 168])[0m
[97m[INFO ] Selecting reference view using strategy: first[0m
[97m[INFO ] Selecting reference view using strategy: first[0m
[97m[INFO ] Model Forward Pass Done. Time: 0.7391147613525391 seconds[0m
[97m[INFO ] Conversion to Prediction Done. Time: 6.747245788574219e-05 seconds[0m
rgbd_dataset_freiburg1_xyz: 41/80
[97m[INFO ] Processed Images Done taking 0.04776144027709961 seconds. Shape:  torch.Size([4, 3, 126, 168])[0m
[97m[INFO ] Selecting reference view using strategy: first[0m
[97m[INFO ] Model Forward Pass Done. Time: 1.3772704601287842 seconds[0m
[97m[INFO ] Conversion to Prediction Done. Time: 0.0001327991485595703 seconds[0m
[97m[INFO ] Processed Images Done taking 0.021182775497436523 seconds. Shape:  torch.Size([6, 3, 126, 168])[0m
[97m[INFO ] Selecting reference view using strategy: first[0m
[97m[INFO ] Model Forward Pass Done. Time: 0.8952996730804443 seconds[0m
[97m[INFO ] Conversion to Prediction Done. Time: 5.555152893066406e-05 seconds[0m
[97m[INFO ] Processed Images Done taking 0.0446009635925293 seconds. Shape:  torch.Size([4, 3, 126, 168])[0m
[97m[INFO ] Selecting reference view using strategy: first[0m
[97m[INFO ] Model Forward Pass Done. Time: 0.8820004463195801 seconds[0m
[97m[INFO ] Conversion to Prediction Done. Time: 5.435943603515625e-05 seconds[0m
[97m[INFO ] Model Forward Pass Done. Time: 1.3260388374328613 seconds[0m
[97m[INFO ] Conversion to Prediction Done. Time: 6.771087646484375e-05 seconds[0m
[97m[INFO ] Processed Images Done taking 0.026453733444213867 seconds. Shape:  torch.Size([4, 3, 126, 168])[0m
[97m[INFO ] Processed Images Done taking 0.023445606231689453 seconds. Shape:  torch.Size([6, 3, 126, 168])[0m
[97m[INFO ] Selecting reference view using strategy: first[0m
[97m[INFO ] Selecting reference view using strategy: first[0m
[97m[INFO ] Model Forward Pass Done. Time: 0.8649568557739258 seconds[0m
[97m[INFO ] Conversion to Prediction Done. Time: 7.176399230957031e-05 seconds[0m
[97m[INFO ] Processed Images Done taking 0.015574932098388672 seconds. Shape:  torch.Size([4, 3, 126, 168])[0m
[97m[INFO ] Selecting reference view using strategy: first[0m
[97m[INFO ] Model Forward Pass Done. Time: 1.310129165649414 seconds[0m
[97m[INFO ] Conversion to Prediction Done. Time: 7.462501525878906e-05 seconds[0m
[97m[INFO ] Processed Images Done taking 0.033086299896240234 seconds. Shape:  torch.Size([6, 3, 126, 168])[0m
[97m[INFO ] Selecting reference view using strategy: first[0m
[97m[INFO ] Model Forward Pass Done. Time: 1.5214838981628418 seconds[0m
[97m[INFO ] Conversion to Prediction Done. Time: 5.4836273193359375e-05 seconds[0m
[97m[INFO ] Processed Images Done taking 0.021482467651367188 seconds. Shape:  torch.Size([4, 3, 126, 168])[0m
[97m[INFO ] Selecting reference view using strategy: first[0m
[97m[INFO ] Model Forward Pass Done. Time: 1.6045098304748535 seconds[0m
[97m[INFO ] Conversion to Prediction Done. Time: 5.91278076171875e-05 seconds[0m
[97m[INFO ] Processed Images Done taking 0.04212594032287598 seconds. Shape:  torch.Size([17, 3, 126, 168])[0m
[97m[INFO ] Model Forward Pass Done. Time: 0.9855501651763916 seconds[0m
[97m[INFO ] Conversion to Prediction Done. Time: 6.699562072753906e-05 seconds[0m
[97m[INFO ] Processed Images Done taking 0.03535914421081543 seconds. Shape:  torch.Size([4, 3, 126, 168])[0m
[97m[INFO ] Selecting reference view using strategy: first[0m
[97m[INFO ] Selecting reference view using strategy: first[0m
[97m[INFO ] Model Forward Pass Done. Time: 0.9600002765655518 seconds[0m
[97m[INFO ] Conversion to Prediction Done. Time: 5.793571472167969e-05 seconds[0m
[97m[INFO ] Processed Images Done taking 0.0440218448638916 seconds. Shape:  torch.Size([4, 3, 126, 168])[0m
[97m[INFO ] Selecting reference view using strategy: first[0m
[97m[INFO ] Model Forward Pass Done. Time: 1.0170443058013916 seconds[0m
[97m[INFO ] Conversion to Prediction Done. Time: 5.53131103515625e-05 seconds[0m
[97m[INFO ] Processed Images Done taking 0.019165515899658203 seconds. Shape:  torch.Size([4, 3, 126, 168])[0m
[97m[INFO ] Selecting reference view using strategy: first[0m
[97m[INFO ] Model Forward Pass Done. Time: 0.983961820602417 seconds[0m
[97m[INFO ] Conversion to Prediction Done. Time: 6.389617919921875e-05 seconds[0m
[97m[INFO ] Processed Images Done taking 0.04586195945739746 seconds. Shape:  torch.Size([4, 3, 126, 168])[0m
[97m[INFO ] Selecting reference view using strategy: first[0m
[97m[INFO ] Model Forward Pass Done. Time: 4.46563458442688 seconds[0m
[97m[INFO ] Conversion to Prediction Done. Time: 6.842613220214844e-05 seconds[0m
[97m[INFO ] Processed Images Done taking 0.04538393020629883 seconds. Shape:  torch.Size([6, 3, 126, 168])[0m
[97m[INFO ] Model Forward Pass Done. Time: 0.9551990032196045 seconds[0m
[97m[INFO ] Conversion to Prediction Done. Time: 0.0002117156982421875 seconds[0m
[97m[INFO ] Processed Images Done taking 0.08453917503356934 seconds. Shape:  torch.Size([4, 3, 126, 168])[0m
[97m[INFO ] Selecting reference view using strategy: first[0m
[97m[INFO ] Selecting reference view using strategy: first[0m
[97m[INFO ] Model Forward Pass Done. Time: 1.6631934642791748 seconds[0m
[97m[INFO ] Conversion to Prediction Done. Time: 5.888938903808594e-05 seconds[0m
rgbd_dataset_freiburg1_xyz: 51/80
[97m[INFO ] Processed Images Done taking 0.03628349304199219 seconds. Shape:  torch.Size([4, 3, 126, 168])[0m
[97m[INFO ] Model Forward Pass Done. Time: 2.09497332572937 seconds[0m
[97m[INFO ] Conversion to Prediction Done. Time: 7.081031799316406e-05 seconds[0m
[97m[INFO ] Selecting reference view using strategy: first[0m
[97m[INFO ] Model Forward Pass Done. Time: 1.682190179824829 seconds[0m
[97m[INFO ] Conversion to Prediction Done. Time: 6.031990051269531e-05 seconds[0m
[97m[INFO ] Processed Images Done taking 0.01751089096069336 seconds. Shape:  torch.Size([6, 3, 126, 168])[0m
[97m[INFO ] Processed Images Done taking 0.02261829376220703 seconds. Shape:  torch.Size([4, 3, 126, 168])[0m
[97m[INFO ] Selecting reference view using strategy: first[0m
[97m[INFO ] Selecting reference view using strategy: first[0m
[97m[INFO ] Model Forward Pass Done. Time: 1.1179590225219727 seconds[0m
[97m[INFO ] Conversion to Prediction Done. Time: 5.698204040527344e-05 seconds[0m
[97m[INFO ] Processed Images Done taking 0.016354084014892578 seconds. Shape:  torch.Size([4, 3, 126, 168])[0m
[97m[INFO ] Selecting reference view using strategy: first[0m
[97m[INFO ] Model Forward Pass Done. Time: 1.6547892093658447 seconds[0m
[97m[INFO ] Conversion to Prediction Done. Time: 5.4836273193359375e-05 seconds[0m
[97m[INFO ] Processed Images Done taking 0.027332544326782227 seconds. Shape:  torch.Size([6, 3, 126, 168])[0m
[97m[INFO ] Selecting reference view using strategy: first[0m
[97m[INFO ] Model Forward Pass Done. Time: 0.9728093147277832 seconds[0m
[97m[INFO ] Conversion to Prediction Done. Time: 5.602836608886719e-05 seconds[0m
[97m[INFO ] Processed Images Done taking 0.03063488006591797 seconds. Shape:  torch.Size([4, 3, 126, 168])[0m
[97m[INFO ] Selecting reference view using strategy: first[0m
[97m[INFO ] Model Forward Pass Done. Time: 1.2418909072875977 seconds[0m
[97m[INFO ] Conversion to Prediction Done. Time: 6.031990051269531e-05 seconds[0m
[97m[INFO ] Processed Images Done taking 0.02426624298095703 seconds. Shape:  torch.Size([6, 3, 126, 168])[0m
[97m[INFO ] Model Forward Pass Done. Time: 0.8092963695526123 seconds[0m
[97m[INFO ] Conversion to Prediction Done. Time: 8.678436279296875e-05 seconds[0m
[97m[INFO ] Processed Images Done taking 0.027842283248901367 seconds. Shape:  torch.Size([4, 3, 126, 168])[0m
[97m[INFO ] Selecting reference view using strategy: first[0m
[97m[INFO ] Selecting reference view using strategy: first[0m
[97m[INFO ] Model Forward Pass Done. Time: 0.8951742649078369 seconds[0m
[97m[INFO ] Conversion to Prediction Done. Time: 7.128715515136719e-05 seconds[0m
[97m[INFO ] Processed Images Done taking 0.04565167427062988 seconds. Shape:  torch.Size([4, 3, 126, 168])[0m
[97m[INFO ] Selecting reference view using strategy: first[0m
[97m[INFO ] Model Forward Pass Done. Time: 1.3776483535766602 seconds[0m
[97m[INFO ] Conversion to Prediction Done. Time: 6.794929504394531e-05 seconds[0m
[97m[INFO ] Processed Images Done taking 0.037554025650024414 seconds. Shape:  torch.Size([6, 3, 126, 168])[0m
[97m[INFO ] Selecting reference view using strategy: first[0m
[97m[INFO ] Model Forward Pass Done. Time: 0.8495559692382812 seconds[0m
[97m[INFO ] Conversion to Prediction Done. Time: 5.364418029785156e-05 seconds[0m
[97m[INFO ] Processed Images Done taking 0.017235279083251953 seconds. Shape:  torch.Size([4, 3, 126, 168])[0m
[97m[INFO ] Selecting reference view using strategy: first[0m
[97m[INFO ] Model Forward Pass Done. Time: 1.2809388637542725 seconds[0m
[97m[INFO ] Conversion to Prediction Done. Time: 0.00028014183044433594 seconds[0m
[97m[INFO ] Processed Images Done taking 0.023169279098510742 seconds. Shape:  torch.Size([6, 3, 126, 168])[0m
[97m[INFO ] Model Forward Pass Done. Time: 0.8921339511871338 seconds[0m
[97m[INFO ] Conversion to Prediction Done. Time: 7.867813110351562e-05 seconds[0m
[97m[INFO ] Processed Images Done taking 0.04912090301513672 seconds. Shape:  torch.Size([4, 3, 126, 168])[0m
[97m[INFO ] Selecting reference view using strategy: first[0m
[97m[INFO ] Selecting reference view using strategy: first[0m
[97m[INFO ] Model Forward Pass Done. Time: 0.9534385204315186 seconds[0m
[97m[INFO ] Conversion to Prediction Done. Time: 5.555152893066406e-05 seconds[0m
[97m[INFO ] Processed Images Done taking 0.017331838607788086 seconds. Shape:  torch.Size([4, 3, 126, 168])[0m
[97m[INFO ] Model Forward Pass Done. Time: 1.4142296314239502 seconds[0m
[97m[INFO ] Conversion to Prediction Done. Time: 7.462501525878906e-05 seconds[0m
[97m[INFO ] Selecting reference view using strategy: first[0m
[97m[INFO ] Model Forward Pass Done. Time: 1.9395651817321777 seconds[0m
[97m[INFO ] Conversion to Prediction Done. Time: 0.002046346664428711 seconds[0m
[97m[INFO ] Processed Images Done taking 0.040671586990356445 seconds. Shape:  torch.Size([7, 3, 126, 168])[0m
[97m[INFO ] Processed Images Done taking 0.036272287368774414 seconds. Shape:  torch.Size([4, 3, 126, 168])[0m
[97m[INFO ] Selecting reference view using strategy: first[0m
[97m[INFO ] Selecting reference view using strategy: first[0m
[97m[INFO ] Model Forward Pass Done. Time: 0.7921087741851807 seconds[0m
[97m[INFO ] Conversion to Prediction Done. Time: 6.008148193359375e-05 seconds[0m
rgbd_dataset_freiburg1_xyz: 61/80
[97m[INFO ] Processed Images Done taking 0.016162872314453125 seconds. Shape:  torch.Size([4, 3, 126, 168])[0m
[97m[INFO ] Selecting reference view using strategy: first[0m
[97m[INFO ] Model Forward Pass Done. Time: 1.5116539001464844 seconds[0m
[97m[INFO ] Conversion to Prediction Done. Time: 5.888938903808594e-05 seconds[0m
[97m[INFO ] Processed Images Done taking 0.026113271713256836 seconds. Shape:  torch.Size([17, 3, 126, 168])[0m
[97m[INFO ] Model Forward Pass Done. Time: 0.8631646633148193 seconds[0m
[97m[INFO ] Conversion to Prediction Done. Time: 8.368492126464844e-05 seconds[0m
[97m[INFO ] Processed Images Done taking 0.04134488105773926 seconds. Shape:  torch.Size([4, 3, 126, 168])[0m
[97m[INFO ] Selecting reference view using strategy: first[0m
[97m[INFO ] Selecting reference view using strategy: first[0m
[97m[INFO ] Model Forward Pass Done. Time: 0.9338476657867432 seconds[0m
[97m[INFO ] Conversion to Prediction Done. Time: 5.698204040527344e-05 seconds[0m
[97m[INFO ] Processed Images Done taking 0.01825547218322754 seconds. Shape:  torch.Size([4, 3, 126, 168])[0m
[97m[INFO ] Selecting reference view using strategy: first[0m
[97m[INFO ] Model Forward Pass Done. Time: 0.8446006774902344 seconds[0m
[97m[INFO ] Conversion to Prediction Done. Time: 5.412101745605469e-05 seconds[0m
[97m[INFO ] Model Forward Pass Done. Time: 4.567641973495483 seconds[0m
[97m[INFO ] Conversion to Prediction Done. Time: 6.413459777832031e-05 seconds[0m
[97m[INFO ] Processed Images Done taking 0.016447782516479492 seconds. Shape:  torch.Size([6, 3, 126, 168])[0m
[97m[INFO ] Selecting reference view using strategy: first[0m
[97m[INFO ] Model Forward Pass Done. Time: 1.364351511001587 seconds[0m
[97m[INFO ] Conversion to Prediction Done. Time: 6.0558319091796875e-05 seconds[0m
[97m[INFO ] Processed Images Done taking 0.018218994140625 seconds. Shape:  torch.Size([6, 3, 126, 168])[0m
[97m[INFO ] Selecting reference view using strategy: first[0m
[97m[INFO ] Model Forward Pass Done. Time: 1.346189022064209 seconds[0m
[97m[INFO ] Conversion to Prediction Done. Time: 5.984306335449219e-05 seconds[0m
[97m[INFO ] Processed Images Done taking 0.019127607345581055 seconds. Shape:  torch.Size([6, 3, 126, 168])[0m
[97m[INFO ] Selecting reference view using strategy: first[0m
[97m[INFO ] Model Forward Pass Done. Time: 1.4657649993896484 seconds[0m
[97m[INFO ] Conversion to Prediction Done. Time: 6.771087646484375e-05 seconds[0m
[97m[INFO ] Processed Images Done taking 0.05774736404418945 seconds. Shape:  torch.Size([6, 3, 126, 168])[0m
[97m[INFO ] Processed Images Done taking 0.03801298141479492 seconds. Shape:  torch.Size([4, 3, 126, 168])[0m
[97m[INFO ] Selecting reference view using strategy: first[0m
[97m[INFO ] Selecting reference view using strategy: first[0m
[97m[INFO ] Model Forward Pass Done. Time: 1.1612200736999512 seconds[0m
[97m[INFO ] Conversion to Prediction Done. Time: 0.0001010894775390625 seconds[0m
[97m[INFO ] Processed Images Done taking 0.056877851486206055 seconds. Shape:  torch.Size([4, 3, 126, 168])[0m
[97m[INFO ] Selecting reference view using strategy: first[0m
[97m[INFO ] Model Forward Pass Done. Time: 1.8183534145355225 seconds[0m
[97m[INFO ] Conversion to Prediction Done. Time: 6.937980651855469e-05 seconds[0m
[97m[INFO ] Processed Images Done taking 0.02297520637512207 seconds. Shape:  torch.Size([6, 3, 126, 168])[0m
[97m[INFO ] Selecting reference view using strategy: first[0m
[97m[INFO ] Model Forward Pass Done. Time: 1.269216537475586 seconds[0m
[97m[INFO ] Conversion to Prediction Done. Time: 6.771087646484375e-05 seconds[0m
[97m[INFO ] Processed Images Done taking 0.029109716415405273 seconds. Shape:  torch.Size([4, 3, 126, 168])[0m
[97m[INFO ] Selecting reference view using strategy: first[0m
[97m[INFO ] Model Forward Pass Done. Time: 1.7659509181976318 seconds[0m
[97m[INFO ] Conversion to Prediction Done. Time: 6.628036499023438e-05 seconds[0m
[97m[INFO ] Model Forward Pass Done. Time: 1.6176459789276123 seconds[0m
[97m[INFO ] Conversion to Prediction Done. Time: 0.0020363330841064453 seconds[0m
[97m[INFO ] Processed Images Done taking 0.1387326717376709 seconds. Shape:  torch.Size([4, 3, 126, 168])[0m
[97m[INFO ] Selecting reference view using strategy: first[0m
[97m[INFO ] Model Forward Pass Done. Time: 1.527825117111206 seconds[0m
[97m[INFO ] Conversion to Prediction Done. Time: 5.4836273193359375e-05 seconds[0m
[97m[INFO ] Processed Images Done taking 0.028365135192871094 seconds. Shape:  torch.Size([6, 3, 126, 168])[0m
[97m[INFO ] Processed Images Done taking 0.13551640510559082 seconds. Shape:  torch.Size([4, 3, 126, 168])[0m
[97m[INFO ] Selecting reference view using strategy: first[0m
[97m[INFO ] Selecting reference view using strategy: first[0m
[97m[INFO ] Model Forward Pass Done. Time: 1.0119967460632324 seconds[0m
[97m[INFO ] Conversion to Prediction Done. Time: 5.5789947509765625e-05 seconds[0m
[97m[INFO ] Processed Images Done taking 0.017148971557617188 seconds. Shape:  torch.Size([4, 3, 126, 168])[0m
[97m[INFO ] Selecting reference view using strategy: first[0m
[97m[INFO ] Model Forward Pass Done. Time: 1.5225706100463867 seconds[0m
[97m[INFO ] Conversion to Prediction Done. Time: 6.198883056640625e-05 seconds[0m
[97m[INFO ] Processed Images Done taking 0.021376848220825195 seconds. Shape:  torch.Size([6, 3, 126, 168])[0m
[97m[INFO ] Selecting reference view using strategy: first[0m
[97m[INFO ] Model Forward Pass Done. Time: 1.0088598728179932 seconds[0m
[97m[INFO ] Conversion to Prediction Done. Time: 9.72747802734375e-05 seconds[0m
[97m[INFO ] Processed Images Done taking 0.01723170280456543 seconds. Shape:  torch.Size([4, 3, 126, 168])[0m
[97m[INFO ] Selecting reference view using strategy: first[0m
[97m[INFO ] Model Forward Pass Done. Time: 1.397085428237915 seconds[0m
[97m[INFO ] Conversion to Prediction Done. Time: 0.00010204315185546875 seconds[0m
[97m[INFO ] Processed Images Done taking 0.02236151695251465 seconds. Shape:  torch.Size([6, 3, 126, 168])[0m
[97m[INFO ] Model Forward Pass Done. Time: 1.0283143520355225 seconds[0m
[97m[INFO ] Conversion to Prediction Done. Time: 6.699562072753906e-05 seconds[0m
rgbd_dataset_freiburg1_xyz: 71/80
[97m[INFO ] Processed Images Done taking 0.0226898193359375 seconds. Shape:  torch.Size([4, 3, 126, 168])[0m
[97m[INFO ] Selecting reference view using strategy: first[0m
[97m[INFO ] Selecting reference view using strategy: first[0m
[97m[INFO ] Model Forward Pass Done. Time: 0.8510255813598633 seconds[0m
[97m[INFO ] Conversion to Prediction Done. Time: 8.463859558105469e-05 seconds[0m
[97m[INFO ] Model Forward Pass Done. Time: 1.516801357269287 seconds[0m
[97m[INFO ] Conversion to Prediction Done. Time: 5.6743621826171875e-05 seconds[0m
[97m[INFO ] Processed Images Done taking 0.032395362854003906 seconds. Shape:  torch.Size([6, 3, 126, 168])[0m
[97m[INFO ] Selecting reference view using strategy: first[0m
[97m[INFO ] Model Forward Pass Done. Time: 1.1821765899658203 seconds[0m
[97m[INFO ] Conversion to Prediction Done. Time: 5.5789947509765625e-05 seconds[0m
[97m[INFO ] Processed Images Done taking 0.06478190422058105 seconds. Shape:  torch.Size([5, 3, 126, 168])[0m
[97m[INFO ] Processed Images Done taking 0.02641010284423828 seconds. Shape:  torch.Size([4, 3, 126, 168])[0m
[97m[INFO ] Selecting reference view using strategy: first[0m
[97m[INFO ] Selecting reference view using strategy: first[0m
[97m[INFO ] Model Forward Pass Done. Time: 0.9504425525665283 seconds[0m
[97m[INFO ] Conversion to Prediction Done. Time: 7.653236389160156e-05 seconds[0m
[97m[INFO ] Processed Images Done taking 0.01664137840270996 seconds. Shape:  torch.Size([4, 3, 126, 168])[0m
[97m[INFO ] Model Forward Pass Done. Time: 1.246574878692627 seconds[0m
[97m[INFO ] Conversion to Prediction Done. Time: 7.43865966796875e-05 seconds[0m
[97m[INFO ] Selecting reference view using strategy: first[0m
[97m[INFO ] Processed Images Done taking 0.03993678092956543 seconds. Shape:  torch.Size([18, 3, 126, 168])[0m
[97m[INFO ] Model Forward Pass Done. Time: 0.9117894172668457 seconds[0m
[97m[INFO ] Conversion to Prediction Done. Time: 0.00010180473327636719 seconds[0m
[97m[INFO ] Processed Images Done taking 0.05451536178588867 seconds. Shape:  torch.Size([4, 3, 126, 168])[0m
[97m[INFO ] Selecting reference view using strategy: first[0m
[97m[INFO ] Selecting reference view using strategy: first[0m
[97m[INFO ] Model Forward Pass Done. Time: 0.9486265182495117 seconds[0m
[97m[INFO ] Conversion to Prediction Done. Time: 6.198883056640625e-05 seconds[0m
[97m[INFO ] Processed Images Done taking 0.02550339698791504 seconds. Shape:  torch.Size([4, 3, 126, 168])[0m
[97m[INFO ] Selecting reference view using strategy: first[0m
[97m[INFO ] Model Forward Pass Done. Time: 1.0902507305145264 seconds[0m
[97m[INFO ] Conversion to Prediction Done. Time: 0.00012111663818359375 seconds[0m
[97m[INFO ] Model Forward Pass Done. Time: 4.244242191314697 seconds[0m
[97m[INFO ] Conversion to Prediction Done. Time: 0.00014019012451171875 seconds[0m
[97m[INFO ] Processed Images Done taking 0.030477523803710938 seconds. Shape:  torch.Size([6, 3, 126, 168])[0m
[97m[INFO ] Selecting reference view using strategy: first[0m
[97m[INFO ] Model Forward Pass Done. Time: 1.1718382835388184 seconds[0m
[97m[INFO ] Conversion to Prediction Done. Time: 6.103515625e-05 seconds[0m
[97m[INFO ] Processed Images Done taking 0.028550148010253906 seconds. Shape:  torch.Size([6, 3, 126, 168])[0m
[97m[INFO ] Selecting reference view using strategy: first[0m
[97m[INFO ] Model Forward Pass Done. Time: 1.2531132698059082 seconds[0m
[97m[INFO ] Conversion to Prediction Done. Time: 5.888938903808594e-05 seconds[0m
[97m[INFO ] Processed Images Done taking 0.015228509902954102 seconds. Shape:  torch.Size([6, 3, 126, 168])[0m
[97m[INFO ] Selecting reference view using strategy: first[0m
[97m[INFO ] Model Forward Pass Done. Time: 1.1574397087097168 seconds[0m
[97m[INFO ] Conversion to Prediction Done. Time: 5.4836273193359375e-05 seconds[0m
[97m[INFO ] Processed Images Done taking 0.026859283447265625 seconds. Shape:  torch.Size([6, 3, 126, 168])[0m
[97m[INFO ] Processed Images Done taking 0.07065939903259277 seconds. Shape:  torch.Size([4, 3, 126, 168])[0m
[97m[INFO ] Selecting reference view using strategy: first[0m
[97m[INFO ] Selecting reference view using strategy: first[0m
[97m[INFO ] Model Forward Pass Done. Time: 1.9593873023986816 seconds[0m
[97m[INFO ] Conversion to Prediction Done. Time: 0.0010328292846679688 seconds[0m
[97m[INFO ] Model Forward Pass Done. Time: 1.8548328876495361 seconds[0m
[97m[INFO ] Conversion to Prediction Done. Time: 0.0011265277862548828 seconds[0m
[97m[INFO ] Processed Images Done taking 0.08783888816833496 seconds. Shape:  torch.Size([4, 3, 126, 168])[0m
[97m[INFO ] Selecting reference view using strategy: first[0m
[97m[INFO ] Processed Images Done taking 0.019237279891967773 seconds. Shape:  torch.Size([6, 3, 126, 168])[0m
[97m[INFO ] Selecting reference view using strategy: first[0m
[97m[INFO ] Model Forward Pass Done. Time: 1.1732778549194336 seconds[0m
[97m[INFO ] Conversion to Prediction Done. Time: 6.580352783203125e-05 seconds[0m
[97m[INFO ] Processed Images Done taking 0.022883892059326172 seconds. Shape:  torch.Size([4, 3, 126, 168])[0m
[97m[INFO ] Selecting reference view using strategy: first[0m
[97m[INFO ] Model Forward Pass Done. Time: 1.2807135581970215 seconds[0m
[97m[INFO ] Conversion to Prediction Done. Time: 5.888938903808594e-05 seconds[0m
[97m[INFO ] Processed Images Done taking 0.024736642837524414 seconds. Shape:  torch.Size([6, 3, 126, 168])[0m
[97m[INFO ] Model Forward Pass Done. Time: 0.8993332386016846 seconds[0m
[97m[INFO ] Conversion to Prediction Done. Time: 5.3882598876953125e-05 seconds[0m
[97m[INFO ] Processed Images Done taking 0.048583030700683594 seconds. Shape:  torch.Size([4, 3, 126, 168])[0m
[97m[INFO ] Selecting reference view using strategy: first[0m
[97m[INFO ] Selecting reference view using strategy: first[0m
[97m[INFO ] Model Forward Pass Done. Time: 0.95108962059021 seconds[0m
[97m[INFO ] Conversion to Prediction Done. Time: 5.626678466796875e-05 seconds[0m
[97m[INFO ] Model Forward Pass Done. Time: 1.3142764568328857 seconds[0m
[97m[INFO ] Conversion to Prediction Done. Time: 5.6743621826171875e-05 seconds[0m
[97m[INFO ] Processed Images Done taking 0.020525455474853516 seconds. Shape:  torch.Size([6, 3, 126, 168])[0m
[97m[INFO ] Selecting reference view using strategy: first[0m
[97m[INFO ] Model Forward Pass Done. Time: 2.2775697708129883 seconds[0m
[97m[INFO ] Conversion to Prediction Done. Time: 0.0057566165924072266 seconds[0m
[97m[INFO ] Processed Images Done taking 0.04245948791503906 seconds. Shape:  torch.Size([17, 3, 126, 168])[0m
[97m[INFO ] Selecting reference view using strategy: first[0m
[97m[INFO ] Model Forward Pass Done. Time: 3.9781579971313477 seconds[0m
[97m[INFO ] Conversion to Prediction Done. Time: 5.841255187988281e-05 seconds[0m
[97m[INFO ] Processed Images Done taking 0.021364927291870117 seconds. Shape:  torch.Size([6, 3, 126, 168])[0m
[97m[INFO ] Selecting reference view using strategy: first[0m
[97m[INFO ] Model Forward Pass Done. Time: 1.268784523010254 seconds[0m
[97m[INFO ] Conversion to Prediction Done. Time: 6.031990051269531e-05 seconds[0m
[97m[INFO ] Processed Images Done taking 0.02786731719970703 seconds. Shape:  torch.Size([6, 3, 126, 168])[0m
[97m[INFO ] Selecting reference view using strategy: first[0m
[97m[INFO ] Model Forward Pass Done. Time: 1.15639328956604 seconds[0m
[97m[INFO ] Conversion to Prediction Done. Time: 5.6743621826171875e-05 seconds[0m
[97m[INFO ] Processed Images Done taking 0.02128911018371582 seconds. Shape:  torch.Size([6, 3, 126, 168])[0m
[97m[INFO ] Selecting reference view using strategy: first[0m
[97m[INFO ] Model Forward Pass Done. Time: 1.1709935665130615 seconds[0m
[97m[INFO ] Conversion to Prediction Done. Time: 5.650520324707031e-05 seconds[0m
Report: reports/concurrency_review_2026-09-25/followup/default_concurrent/README.md
