Fetching 2 files:   0%|          | 0/2 [00:00<?, ?it/s]Fetching 2 files:  50%|█████     | 1/2 [00:03<00:03,  3.03s/it]Fetching 2 files: 100%|██████████| 2/2 [00:03<00:00,  1.52s/it]
WARNING[XFORMERS]: xFormers can't load C++/CUDA extensions. xFormers was built for:
    PyTorch 2.10.0+cu128 with CUDA 1208 (you have 2.14.0+cu130)
    Python  3.10.19 (you have 3.12.14)
  Please reinstall xformers (see https://github.com/facebookresearch/xformers#installing-xformers)
  Memory-efficient attention, SwiGLU, sparse and more won't be available.
  Set XFORMERS_MORE_DETAILS=1 for more details
[93m[WARN ] Dependency `gsplat` is required for rendering 3DGS. Install via: pip install git+https://github.com/nerfstudio-project/gsplat.git@0b4dddf04cb687367602c01196913cde6a743d70[0m
[97m[INFO ] using MLP layer as FFN[0m
Loading weights from local directory
[97m[INFO ] using MLP layer as FFN[0m
Loading weights from local directory
[97m[INFO ] Processed Images Done taking 0.013814687728881836 seconds. Shape:  torch.Size([1, 3, 126, 168])[0m
[97m[INFO ] Model Forward Pass Done. Time: 0.31214332580566406 seconds[0m
[97m[INFO ] Conversion to Prediction Done. Time: 0.00015616416931152344 seconds[0m
rgbd_dataset_freiburg1_xyz: 1/80
[97m[INFO ] Processed Images Done taking 0.018082141876220703 seconds. Shape:  torch.Size([2, 3, 126, 168])[0m
[97m[INFO ] Model Forward Pass Done. Time: 0.4724109172821045 seconds[0m
[97m[INFO ] Conversion to Prediction Done. Time: 6.175041198730469e-05 seconds[0m
[97m[INFO ] Processed Images Done taking 0.007075071334838867 seconds. Shape:  torch.Size([3, 3, 126, 168])[0m
[97m[INFO ] Selecting reference view using strategy: first[0m
[97m[INFO ] Model Forward Pass Done. Time: 0.6654741764068604 seconds[0m
[97m[INFO ] Conversion to Prediction Done. Time: 5.5789947509765625e-05 seconds[0m
[97m[INFO ] Processed Images Done taking 0.010760307312011719 seconds. Shape:  torch.Size([4, 3, 126, 168])[0m
[97m[INFO ] Selecting reference view using strategy: first[0m
[97m[INFO ] Model Forward Pass Done. Time: 1.0061852931976318 seconds[0m
[97m[INFO ] Conversion to Prediction Done. Time: 5.602836608886719e-05 seconds[0m
[97m[INFO ] Processed Images Done taking 0.019491910934448242 seconds. Shape:  torch.Size([4, 3, 126, 168])[0m
[97m[INFO ] Selecting reference view using strategy: first[0m
[97m[INFO ] Model Forward Pass Done. Time: 0.9069936275482178 seconds[0m
[97m[INFO ] Conversion to Prediction Done. Time: 5.817413330078125e-05 seconds[0m
[97m[INFO ] Processed Images Done taking 0.008559226989746094 seconds. Shape:  torch.Size([4, 3, 126, 168])[0m
[97m[INFO ] Selecting reference view using strategy: first[0m
[97m[INFO ] Model Forward Pass Done. Time: 0.81569504737854 seconds[0m
[97m[INFO ] Conversion to Prediction Done. Time: 5.2928924560546875e-05 seconds[0m
[97m[INFO ] Processed Images Done taking 0.0073282718658447266 seconds. Shape:  torch.Size([4, 3, 126, 168])[0m
[97m[INFO ] Selecting reference view using strategy: first[0m
[97m[INFO ] Model Forward Pass Done. Time: 0.8197927474975586 seconds[0m
[97m[INFO ] Conversion to Prediction Done. Time: 5.7697296142578125e-05 seconds[0m
[97m[INFO ] Processed Images Done taking 0.007989645004272461 seconds. Shape:  torch.Size([4, 3, 126, 168])[0m
[97m[INFO ] Selecting reference view using strategy: first[0m
[97m[INFO ] Model Forward Pass Done. Time: 0.8173201084136963 seconds[0m
[97m[INFO ] Conversion to Prediction Done. Time: 5.5789947509765625e-05 seconds[0m
[97m[INFO ] Processed Images Done taking 0.00721430778503418 seconds. Shape:  torch.Size([4, 3, 126, 168])[0m
[97m[INFO ] Selecting reference view using strategy: first[0m
[97m[INFO ] Model Forward Pass Done. Time: 0.8723964691162109 seconds[0m
[97m[INFO ] Conversion to Prediction Done. Time: 5.459785461425781e-05 seconds[0m
[97m[INFO ] Processed Images Done taking 0.007387876510620117 seconds. Shape:  torch.Size([4, 3, 126, 168])[0m
[97m[INFO ] Selecting reference view using strategy: first[0m
[97m[INFO ] Model Forward Pass Done. Time: 0.79498291015625 seconds[0m
[97m[INFO ] Conversion to Prediction Done. Time: 5.650520324707031e-05 seconds[0m
[97m[INFO ] Processed Images Done taking 0.00869894027709961 seconds. Shape:  torch.Size([4, 3, 126, 168])[0m
[97m[INFO ] Selecting reference view using strategy: first[0m
[97m[INFO ] Model Forward Pass Done. Time: 0.7936105728149414 seconds[0m
[97m[INFO ] Conversion to Prediction Done. Time: 6.985664367675781e-05 seconds[0m
rgbd_dataset_freiburg1_xyz: 11/80
[97m[INFO ] Processed Images Done taking 0.00977325439453125 seconds. Shape:  torch.Size([4, 3, 126, 168])[0m
[97m[INFO ] Selecting reference view using strategy: first[0m
[97m[INFO ] Model Forward Pass Done. Time: 0.7861642837524414 seconds[0m
[97m[INFO ] Conversion to Prediction Done. Time: 5.340576171875e-05 seconds[0m
[97m[INFO ] Processed Images Done taking 0.012702226638793945 seconds. Shape:  torch.Size([6, 3, 126, 168])[0m
[97m[INFO ] Selecting reference view using strategy: first[0m
[97m[INFO ] Model Forward Pass Done. Time: 1.319458246231079 seconds[0m
[97m[INFO ] Conversion to Prediction Done. Time: 5.459785461425781e-05 seconds[0m
[97m[INFO ] Processed Images Done taking 0.008655309677124023 seconds. Shape:  torch.Size([3, 3, 126, 168])[0m
[97m[INFO ] Selecting reference view using strategy: first[0m
[97m[INFO ] Model Forward Pass Done. Time: 0.6784484386444092 seconds[0m
[97m[INFO ] Conversion to Prediction Done. Time: 5.817413330078125e-05 seconds[0m
[97m[INFO ] Processed Images Done taking 0.015327930450439453 seconds. Shape:  torch.Size([3, 3, 126, 168])[0m
[97m[INFO ] Selecting reference view using strategy: first[0m
[97m[INFO ] Model Forward Pass Done. Time: 0.6472635269165039 seconds[0m
[97m[INFO ] Conversion to Prediction Done. Time: 5.626678466796875e-05 seconds[0m
[97m[INFO ] Processed Images Done taking 0.009211540222167969 seconds. Shape:  torch.Size([4, 3, 126, 168])[0m
[97m[INFO ] Selecting reference view using strategy: first[0m
[97m[INFO ] Model Forward Pass Done. Time: 0.9363551139831543 seconds[0m
[97m[INFO ] Conversion to Prediction Done. Time: 5.745887756347656e-05 seconds[0m
[97m[INFO ] Processed Images Done taking 0.009974479675292969 seconds. Shape:  torch.Size([4, 3, 126, 168])[0m
[97m[INFO ] Selecting reference view using strategy: first[0m
[97m[INFO ] Model Forward Pass Done. Time: 0.9294376373291016 seconds[0m
[97m[INFO ] Conversion to Prediction Done. Time: 5.602836608886719e-05 seconds[0m
[97m[INFO ] Processed Images Done taking 0.015444040298461914 seconds. Shape:  torch.Size([7, 3, 126, 168])[0m
[97m[INFO ] Selecting reference view using strategy: first[0m
[97m[INFO ] Model Forward Pass Done. Time: 1.4724500179290771 seconds[0m
[97m[INFO ] Conversion to Prediction Done. Time: 5.459785461425781e-05 seconds[0m
[97m[INFO ] Processed Images Done taking 0.00868988037109375 seconds. Shape:  torch.Size([3, 3, 126, 168])[0m
[97m[INFO ] Selecting reference view using strategy: first[0m
[97m[INFO ] Model Forward Pass Done. Time: 0.6746072769165039 seconds[0m
[97m[INFO ] Conversion to Prediction Done. Time: 5.602836608886719e-05 seconds[0m
[97m[INFO ] Processed Images Done taking 0.007776975631713867 seconds. Shape:  torch.Size([3, 3, 126, 168])[0m
[97m[INFO ] Selecting reference view using strategy: first[0m
[97m[INFO ] Model Forward Pass Done. Time: 0.6198539733886719 seconds[0m
[97m[INFO ] Conversion to Prediction Done. Time: 5.53131103515625e-05 seconds[0m
[97m[INFO ] Processed Images Done taking 0.008656740188598633 seconds. Shape:  torch.Size([4, 3, 126, 168])[0m
[97m[INFO ] Selecting reference view using strategy: first[0m
[97m[INFO ] Model Forward Pass Done. Time: 0.8009064197540283 seconds[0m
[97m[INFO ] Conversion to Prediction Done. Time: 5.555152893066406e-05 seconds[0m
[97m[INFO ] Processed Images Done taking 0.008712291717529297 seconds. Shape:  torch.Size([4, 3, 126, 168])[0m
[97m[INFO ] Selecting reference view using strategy: first[0m
[97m[INFO ] Model Forward Pass Done. Time: 0.8201034069061279 seconds[0m
[97m[INFO ] Conversion to Prediction Done. Time: 5.4836273193359375e-05 seconds[0m
[97m[INFO ] Processed Images Done taking 0.016365528106689453 seconds. Shape:  torch.Size([6, 3, 126, 168])[0m
[97m[INFO ] Selecting reference view using strategy: first[0m
[97m[INFO ] Model Forward Pass Done. Time: 1.2992751598358154 seconds[0m
[97m[INFO ] Conversion to Prediction Done. Time: 5.698204040527344e-05 seconds[0m
[97m[INFO ] Processed Images Done taking 0.009010791778564453 seconds. Shape:  torch.Size([3, 3, 126, 168])[0m
[97m[INFO ] Selecting reference view using strategy: first[0m
[97m[INFO ] Model Forward Pass Done. Time: 0.6445047855377197 seconds[0m
[97m[INFO ] Conversion to Prediction Done. Time: 5.817413330078125e-05 seconds[0m
rgbd_dataset_freiburg1_xyz: 21/80
[97m[INFO ] Processed Images Done taking 0.00843954086303711 seconds. Shape:  torch.Size([3, 3, 126, 168])[0m
[97m[INFO ] Selecting reference view using strategy: first[0m
[97m[INFO ] Model Forward Pass Done. Time: 0.706864595413208 seconds[0m
[97m[INFO ] Conversion to Prediction Done. Time: 5.7220458984375e-05 seconds[0m
[97m[INFO ] Processed Images Done taking 0.008556127548217773 seconds. Shape:  torch.Size([4, 3, 126, 168])[0m
[97m[INFO ] Selecting reference view using strategy: first[0m
[97m[INFO ] Model Forward Pass Done. Time: 0.8878440856933594 seconds[0m
[97m[INFO ] Conversion to Prediction Done. Time: 5.698204040527344e-05 seconds[0m
[97m[INFO ] Processed Images Done taking 0.008484601974487305 seconds. Shape:  torch.Size([4, 3, 126, 168])[0m
[97m[INFO ] Selecting reference view using strategy: first[0m
[97m[INFO ] Model Forward Pass Done. Time: 0.9008352756500244 seconds[0m
[97m[INFO ] Conversion to Prediction Done. Time: 5.793571472167969e-05 seconds[0m
[97m[INFO ] Processed Images Done taking 0.01087641716003418 seconds. Shape:  torch.Size([6, 3, 126, 168])[0m
[97m[INFO ] Selecting reference view using strategy: first[0m
[97m[INFO ] Model Forward Pass Done. Time: 1.2348685264587402 seconds[0m
[97m[INFO ] Conversion to Prediction Done. Time: 0.00019598007202148438 seconds[0m
[97m[INFO ] Processed Images Done taking 0.008215904235839844 seconds. Shape:  torch.Size([3, 3, 126, 168])[0m
[97m[INFO ] Selecting reference view using strategy: first[0m
[97m[INFO ] Model Forward Pass Done. Time: 0.6625020503997803 seconds[0m
[97m[INFO ] Conversion to Prediction Done. Time: 5.364418029785156e-05 seconds[0m
[97m[INFO ] Processed Images Done taking 0.010525703430175781 seconds. Shape:  torch.Size([3, 3, 126, 168])[0m
[97m[INFO ] Selecting reference view using strategy: first[0m
[97m[INFO ] Model Forward Pass Done. Time: 0.65639328956604 seconds[0m
[97m[INFO ] Conversion to Prediction Done. Time: 5.53131103515625e-05 seconds[0m
[97m[INFO ] Processed Images Done taking 0.008390426635742188 seconds. Shape:  torch.Size([4, 3, 126, 168])[0m
[97m[INFO ] Selecting reference view using strategy: first[0m
[97m[INFO ] Model Forward Pass Done. Time: 0.8213849067687988 seconds[0m
[97m[INFO ] Conversion to Prediction Done. Time: 5.602836608886719e-05 seconds[0m
[97m[INFO ] Processed Images Done taking 0.010960102081298828 seconds. Shape:  torch.Size([4, 3, 126, 168])[0m
[97m[INFO ] Selecting reference view using strategy: first[0m
[97m[INFO ] Model Forward Pass Done. Time: 0.81852126121521 seconds[0m
[97m[INFO ] Conversion to Prediction Done. Time: 5.698204040527344e-05 seconds[0m
[97m[INFO ] Processed Images Done taking 0.010139226913452148 seconds. Shape:  torch.Size([7, 3, 126, 168])[0m
[97m[INFO ] Selecting reference view using strategy: first[0m
[97m[INFO ] Model Forward Pass Done. Time: 1.4530682563781738 seconds[0m
[97m[INFO ] Conversion to Prediction Done. Time: 5.888938903808594e-05 seconds[0m
[97m[INFO ] Processed Images Done taking 0.018771648406982422 seconds. Shape:  torch.Size([3, 3, 126, 168])[0m
[97m[INFO ] Selecting reference view using strategy: first[0m
[97m[INFO ] Model Forward Pass Done. Time: 0.7054100036621094 seconds[0m
[97m[INFO ] Conversion to Prediction Done. Time: 8.20159912109375e-05 seconds[0m
[97m[INFO ] Processed Images Done taking 0.0064356327056884766 seconds. Shape:  torch.Size([3, 3, 126, 168])[0m
[97m[INFO ] Selecting reference view using strategy: first[0m
[97m[INFO ] Model Forward Pass Done. Time: 0.5781795978546143 seconds[0m
[97m[INFO ] Conversion to Prediction Done. Time: 5.030632019042969e-05 seconds[0m
[97m[INFO ] Processed Images Done taking 0.008239030838012695 seconds. Shape:  torch.Size([4, 3, 126, 168])[0m
[97m[INFO ] Selecting reference view using strategy: first[0m
[97m[INFO ] Model Forward Pass Done. Time: 0.8506481647491455 seconds[0m
[97m[INFO ] Conversion to Prediction Done. Time: 5.626678466796875e-05 seconds[0m
rgbd_dataset_freiburg1_xyz: 31/80
[97m[INFO ] Processed Images Done taking 0.0074307918548583984 seconds. Shape:  torch.Size([4, 3, 126, 168])[0m
[97m[INFO ] Selecting reference view using strategy: first[0m
[97m[INFO ] Model Forward Pass Done. Time: 0.7899630069732666 seconds[0m
[97m[INFO ] Conversion to Prediction Done. Time: 5.841255187988281e-05 seconds[0m
[97m[INFO ] Processed Images Done taking 0.011078119277954102 seconds. Shape:  torch.Size([6, 3, 126, 168])[0m
[97m[INFO ] Selecting reference view using strategy: first[0m
[97m[INFO ] Model Forward Pass Done. Time: 1.3618648052215576 seconds[0m
[97m[INFO ] Conversion to Prediction Done. Time: 5.841255187988281e-05 seconds[0m
[97m[INFO ] Processed Images Done taking 0.03994297981262207 seconds. Shape:  torch.Size([18, 3, 126, 168])[0m
[97m[INFO ] Selecting reference view using strategy: first[0m
[97m[INFO ] Model Forward Pass Done. Time: 3.9783871173858643 seconds[0m
[97m[INFO ] Conversion to Prediction Done. Time: 5.817413330078125e-05 seconds[0m
[97m[INFO ] Processed Images Done taking 0.01785564422607422 seconds. Shape:  torch.Size([3, 3, 126, 168])[0m
[97m[INFO ] Selecting reference view using strategy: first[0m
[97m[INFO ] Model Forward Pass Done. Time: 0.7164230346679688 seconds[0m
[97m[INFO ] Conversion to Prediction Done. Time: 6.079673767089844e-05 seconds[0m
[97m[INFO ] Processed Images Done taking 0.009355545043945312 seconds. Shape:  torch.Size([3, 3, 126, 168])[0m
[97m[INFO ] Selecting reference view using strategy: first[0m
[97m[INFO ] Model Forward Pass Done. Time: 0.6435558795928955 seconds[0m
[97m[INFO ] Conversion to Prediction Done. Time: 5.340576171875e-05 seconds[0m
[97m[INFO ] Processed Images Done taking 0.008583545684814453 seconds. Shape:  torch.Size([4, 3, 126, 168])[0m
[97m[INFO ] Selecting reference view using strategy: first[0m
[97m[INFO ] Model Forward Pass Done. Time: 0.9036099910736084 seconds[0m
[97m[INFO ] Conversion to Prediction Done. Time: 5.8650970458984375e-05 seconds[0m
[97m[INFO ] Processed Images Done taking 0.009459257125854492 seconds. Shape:  torch.Size([4, 3, 126, 168])[0m
[97m[INFO ] Selecting reference view using strategy: first[0m
[97m[INFO ] Model Forward Pass Done. Time: 0.8237519264221191 seconds[0m
[97m[INFO ] Conversion to Prediction Done. Time: 5.745887756347656e-05 seconds[0m
[97m[INFO ] Processed Images Done taking 0.010895252227783203 seconds. Shape:  torch.Size([6, 3, 126, 168])[0m
[97m[INFO ] Selecting reference view using strategy: first[0m
[97m[INFO ] Model Forward Pass Done. Time: 1.1854867935180664 seconds[0m
[97m[INFO ] Conversion to Prediction Done. Time: 5.650520324707031e-05 seconds[0m
[97m[INFO ] Processed Images Done taking 0.007639884948730469 seconds. Shape:  torch.Size([3, 3, 126, 168])[0m
[97m[INFO ] Selecting reference view using strategy: first[0m
[97m[INFO ] Model Forward Pass Done. Time: 0.6583120822906494 seconds[0m
[97m[INFO ] Conversion to Prediction Done. Time: 5.626678466796875e-05 seconds[0m
[97m[INFO ] Processed Images Done taking 0.008540153503417969 seconds. Shape:  torch.Size([3, 3, 126, 168])[0m
[97m[INFO ] Selecting reference view using strategy: first[0m
[97m[INFO ] Model Forward Pass Done. Time: 0.6314945220947266 seconds[0m
[97m[INFO ] Conversion to Prediction Done. Time: 5.936622619628906e-05 seconds[0m
[97m[INFO ] Processed Images Done taking 0.009568452835083008 seconds. Shape:  torch.Size([4, 3, 126, 168])[0m
[97m[INFO ] Selecting reference view using strategy: first[0m
[97m[INFO ] Model Forward Pass Done. Time: 0.8752408027648926 seconds[0m
[97m[INFO ] Conversion to Prediction Done. Time: 5.602836608886719e-05 seconds[0m
[97m[INFO ] Processed Images Done taking 0.007602214813232422 seconds. Shape:  torch.Size([4, 3, 126, 168])[0m
[97m[INFO ] Selecting reference view using strategy: first[0m
[97m[INFO ] Model Forward Pass Done. Time: 0.7919046878814697 seconds[0m
[97m[INFO ] Conversion to Prediction Done. Time: 6.246566772460938e-05 seconds[0m
[97m[INFO ] Processed Images Done taking 0.009001493453979492 seconds. Shape:  torch.Size([6, 3, 126, 168])[0m
[97m[INFO ] Selecting reference view using strategy: first[0m
[97m[INFO ] Model Forward Pass Done. Time: 1.1817646026611328 seconds[0m
[97m[INFO ] Conversion to Prediction Done. Time: 5.936622619628906e-05 seconds[0m
[97m[INFO ] Processed Images Done taking 0.015475988388061523 seconds. Shape:  torch.Size([6, 3, 126, 168])[0m
[97m[INFO ] Selecting reference view using strategy: first[0m
[97m[INFO ] Model Forward Pass Done. Time: 1.3987081050872803 seconds[0m
[97m[INFO ] Conversion to Prediction Done. Time: 5.936622619628906e-05 seconds[0m
[97m[INFO ] Processed Images Done taking 0.009663820266723633 seconds. Shape:  torch.Size([6, 3, 126, 168])[0m
[97m[INFO ] Selecting reference view using strategy: first[0m
[97m[INFO ] Model Forward Pass Done. Time: 1.2559194564819336 seconds[0m
[97m[INFO ] Conversion to Prediction Done. Time: 5.5789947509765625e-05 seconds[0m
[97m[INFO ] Processed Images Done taking 0.007653951644897461 seconds. Shape:  torch.Size([3, 3, 126, 168])[0m
[97m[INFO ] Selecting reference view using strategy: first[0m
[97m[INFO ] Model Forward Pass Done. Time: 0.6464755535125732 seconds[0m
[97m[INFO ] Conversion to Prediction Done. Time: 5.650520324707031e-05 seconds[0m
rgbd_dataset_freiburg1_xyz: 41/80
[97m[INFO ] Processed Images Done taking 0.008057355880737305 seconds. Shape:  torch.Size([3, 3, 126, 168])[0m
[97m[INFO ] Selecting reference view using strategy: first[0m
[97m[INFO ] Model Forward Pass Done. Time: 0.628986120223999 seconds[0m
[97m[INFO ] Conversion to Prediction Done. Time: 5.4836273193359375e-05 seconds[0m
[97m[INFO ] Processed Images Done taking 0.015111684799194336 seconds. Shape:  torch.Size([4, 3, 126, 168])[0m
[97m[INFO ] Selecting reference view using strategy: first[0m
[97m[INFO ] Model Forward Pass Done. Time: 0.9591872692108154 seconds[0m
[97m[INFO ] Conversion to Prediction Done. Time: 6.008148193359375e-05 seconds[0m
[97m[INFO ] Processed Images Done taking 0.006826639175415039 seconds. Shape:  torch.Size([4, 3, 126, 168])[0m
[97m[INFO ] Selecting reference view using strategy: first[0m
[97m[INFO ] Model Forward Pass Done. Time: 0.8304359912872314 seconds[0m
[97m[INFO ] Conversion to Prediction Done. Time: 5.53131103515625e-05 seconds[0m
[97m[INFO ] Processed Images Done taking 0.008529901504516602 seconds. Shape:  torch.Size([5, 3, 126, 168])[0m
[97m[INFO ] Selecting reference view using strategy: first[0m
[97m[INFO ] Model Forward Pass Done. Time: 1.0089991092681885 seconds[0m
[97m[INFO ] Conversion to Prediction Done. Time: 5.793571472167969e-05 seconds[0m
[97m[INFO ] Processed Images Done taking 0.030153989791870117 seconds. Shape:  torch.Size([17, 3, 126, 168])[0m
[97m[INFO ] Selecting reference view using strategy: first[0m
[97m[INFO ] Model Forward Pass Done. Time: 4.08762264251709 seconds[0m
[97m[INFO ] Conversion to Prediction Done. Time: 5.6743621826171875e-05 seconds[0m
[97m[INFO ] Processed Images Done taking 0.013466596603393555 seconds. Shape:  torch.Size([3, 3, 126, 168])[0m
[97m[INFO ] Selecting reference view using strategy: first[0m
[97m[INFO ] Model Forward Pass Done. Time: 0.6933598518371582 seconds[0m
[97m[INFO ] Conversion to Prediction Done. Time: 5.602836608886719e-05 seconds[0m
[97m[INFO ] Processed Images Done taking 0.008984804153442383 seconds. Shape:  torch.Size([3, 3, 126, 168])[0m
[97m[INFO ] Selecting reference view using strategy: first[0m
[97m[INFO ] Model Forward Pass Done. Time: 0.8069009780883789 seconds[0m
[97m[INFO ] Conversion to Prediction Done. Time: 5.841255187988281e-05 seconds[0m
[97m[INFO ] Processed Images Done taking 0.010787725448608398 seconds. Shape:  torch.Size([4, 3, 126, 168])[0m
[97m[INFO ] Selecting reference view using strategy: first[0m
[97m[INFO ] Model Forward Pass Done. Time: 0.9226655960083008 seconds[0m
[97m[INFO ] Conversion to Prediction Done. Time: 6.031990051269531e-05 seconds[0m
[97m[INFO ] Processed Images Done taking 0.007265567779541016 seconds. Shape:  torch.Size([4, 3, 126, 168])[0m
[97m[INFO ] Selecting reference view using strategy: first[0m
[97m[INFO ] Model Forward Pass Done. Time: 0.9227612018585205 seconds[0m
[97m[INFO ] Conversion to Prediction Done. Time: 6.008148193359375e-05 seconds[0m
[97m[INFO ] Processed Images Done taking 0.015892982482910156 seconds. Shape:  torch.Size([7, 3, 126, 168])[0m
[97m[INFO ] Selecting reference view using strategy: first[0m
[97m[INFO ] Model Forward Pass Done. Time: 1.424731731414795 seconds[0m
[97m[INFO ] Conversion to Prediction Done. Time: 5.7220458984375e-05 seconds[0m
[97m[INFO ] Processed Images Done taking 0.007687807083129883 seconds. Shape:  torch.Size([3, 3, 126, 168])[0m
[97m[INFO ] Selecting reference view using strategy: first[0m
[97m[INFO ] Model Forward Pass Done. Time: 0.587989330291748 seconds[0m
[97m[INFO ] Conversion to Prediction Done. Time: 5.793571472167969e-05 seconds[0m
[97m[INFO ] Processed Images Done taking 0.006302833557128906 seconds. Shape:  torch.Size([3, 3, 126, 168])[0m
[97m[INFO ] Selecting reference view using strategy: first[0m
[97m[INFO ] Model Forward Pass Done. Time: 0.7301387786865234 seconds[0m
[97m[INFO ] Conversion to Prediction Done. Time: 5.984306335449219e-05 seconds[0m
[97m[INFO ] Processed Images Done taking 0.008031368255615234 seconds. Shape:  torch.Size([4, 3, 126, 168])[0m
[97m[INFO ] Selecting reference view using strategy: first[0m
[97m[INFO ] Model Forward Pass Done. Time: 0.8085992336273193 seconds[0m
[97m[INFO ] Conversion to Prediction Done. Time: 5.841255187988281e-05 seconds[0m
rgbd_dataset_freiburg1_xyz: 51/80
[97m[INFO ] Processed Images Done taking 0.0075778961181640625 seconds. Shape:  torch.Size([4, 3, 126, 168])[0m
[97m[INFO ] Selecting reference view using strategy: first[0m
[97m[INFO ] Model Forward Pass Done. Time: 0.8084561824798584 seconds[0m
[97m[INFO ] Conversion to Prediction Done. Time: 5.7220458984375e-05 seconds[0m
[97m[INFO ] Processed Images Done taking 0.025054931640625 seconds. Shape:  torch.Size([6, 3, 126, 168])[0m
[97m[INFO ] Selecting reference view using strategy: first[0m
[97m[INFO ] Model Forward Pass Done. Time: 1.4269380569458008 seconds[0m
[97m[INFO ] Conversion to Prediction Done. Time: 5.626678466796875e-05 seconds[0m
[97m[INFO ] Processed Images Done taking 0.00971531867980957 seconds. Shape:  torch.Size([6, 3, 126, 168])[0m
[97m[INFO ] Selecting reference view using strategy: first[0m
[97m[INFO ] Model Forward Pass Done. Time: 1.4843029975891113 seconds[0m
[97m[INFO ] Conversion to Prediction Done. Time: 5.888938903808594e-05 seconds[0m
[97m[INFO ] Processed Images Done taking 0.011543512344360352 seconds. Shape:  torch.Size([6, 3, 126, 168])[0m
[97m[INFO ] Selecting reference view using strategy: first[0m
[97m[INFO ] Model Forward Pass Done. Time: 1.2574687004089355 seconds[0m
[97m[INFO ] Conversion to Prediction Done. Time: 5.698204040527344e-05 seconds[0m
[97m[INFO ] Processed Images Done taking 0.009371757507324219 seconds. Shape:  torch.Size([6, 3, 126, 168])[0m
[97m[INFO ] Selecting reference view using strategy: first[0m
[97m[INFO ] Model Forward Pass Done. Time: 1.2606778144836426 seconds[0m
[97m[INFO ] Conversion to Prediction Done. Time: 5.626678466796875e-05 seconds[0m
[97m[INFO ] Processed Images Done taking 0.006545066833496094 seconds. Shape:  torch.Size([3, 3, 126, 168])[0m
[97m[INFO ] Selecting reference view using strategy: first[0m
[97m[INFO ] Model Forward Pass Done. Time: 0.7101712226867676 seconds[0m
[97m[INFO ] Conversion to Prediction Done. Time: 5.91278076171875e-05 seconds[0m
[97m[INFO ] Processed Images Done taking 0.0066950321197509766 seconds. Shape:  torch.Size([3, 3, 126, 168])[0m
[97m[INFO ] Selecting reference view using strategy: first[0m
[97m[INFO ] Model Forward Pass Done. Time: 0.6270792484283447 seconds[0m
[97m[INFO ] Conversion to Prediction Done. Time: 5.650520324707031e-05 seconds[0m
[97m[INFO ] Processed Images Done taking 0.008141517639160156 seconds. Shape:  torch.Size([4, 3, 126, 168])[0m
[97m[INFO ] Selecting reference view using strategy: first[0m
[97m[INFO ] Model Forward Pass Done. Time: 0.8259644508361816 seconds[0m
[97m[INFO ] Conversion to Prediction Done. Time: 5.650520324707031e-05 seconds[0m
[97m[INFO ] Processed Images Done taking 0.009310722351074219 seconds. Shape:  torch.Size([4, 3, 126, 168])[0m
[97m[INFO ] Selecting reference view using strategy: first[0m
[97m[INFO ] Model Forward Pass Done. Time: 0.8103766441345215 seconds[0m
[97m[INFO ] Conversion to Prediction Done. Time: 5.4836273193359375e-05 seconds[0m
[97m[INFO ] Processed Images Done taking 0.011397838592529297 seconds. Shape:  torch.Size([6, 3, 126, 168])[0m
[97m[INFO ] Selecting reference view using strategy: first[0m
[97m[INFO ] Model Forward Pass Done. Time: 1.2689476013183594 seconds[0m
[97m[INFO ] Conversion to Prediction Done. Time: 5.793571472167969e-05 seconds[0m
[97m[INFO ] Processed Images Done taking 0.029404163360595703 seconds. Shape:  torch.Size([17, 3, 126, 168])[0m
[97m[INFO ] Selecting reference view using strategy: first[0m
[97m[INFO ] Model Forward Pass Done. Time: 3.734203338623047 seconds[0m
[97m[INFO ] Conversion to Prediction Done. Time: 7.867813110351562e-05 seconds[0m
[97m[INFO ] Processed Images Done taking 0.010028600692749023 seconds. Shape:  torch.Size([6, 3, 126, 168])[0m
[97m[INFO ] Selecting reference view using strategy: first[0m
[97m[INFO ] Model Forward Pass Done. Time: 1.2435848712921143 seconds[0m
[97m[INFO ] Conversion to Prediction Done. Time: 5.650520324707031e-05 seconds[0m
[97m[INFO ] Processed Images Done taking 0.01355433464050293 seconds. Shape:  torch.Size([6, 3, 126, 168])[0m
[97m[INFO ] Selecting reference view using strategy: first[0m
[97m[INFO ] Model Forward Pass Done. Time: 1.3112432956695557 seconds[0m
[97m[INFO ] Conversion to Prediction Done. Time: 5.7220458984375e-05 seconds[0m
[97m[INFO ] Processed Images Done taking 0.00918889045715332 seconds. Shape:  torch.Size([6, 3, 126, 168])[0m
[97m[INFO ] Selecting reference view using strategy: first[0m
[97m[INFO ] Model Forward Pass Done. Time: 1.3583874702453613 seconds[0m
[97m[INFO ] Conversion to Prediction Done. Time: 5.936622619628906e-05 seconds[0m
[97m[INFO ] Processed Images Done taking 0.007688999176025391 seconds. Shape:  torch.Size([3, 3, 126, 168])[0m
[97m[INFO ] Selecting reference view using strategy: first[0m
[97m[INFO ] Model Forward Pass Done. Time: 0.6848645210266113 seconds[0m
[97m[INFO ] Conversion to Prediction Done. Time: 5.841255187988281e-05 seconds[0m
[97m[INFO ] Processed Images Done taking 0.007678508758544922 seconds. Shape:  torch.Size([3, 3, 126, 168])[0m
[97m[INFO ] Selecting reference view using strategy: first[0m
[97m[INFO ] Model Forward Pass Done. Time: 0.6838812828063965 seconds[0m
[97m[INFO ] Conversion to Prediction Done. Time: 0.00013709068298339844 seconds[0m
[97m[INFO ] Processed Images Done taking 0.011321306228637695 seconds. Shape:  torch.Size([4, 3, 126, 168])[0m
[97m[INFO ] Selecting reference view using strategy: first[0m
[97m[INFO ] Model Forward Pass Done. Time: 0.9964046478271484 seconds[0m
[97m[INFO ] Conversion to Prediction Done. Time: 5.91278076171875e-05 seconds[0m
[97m[INFO ] Processed Images Done taking 0.007989645004272461 seconds. Shape:  torch.Size([4, 3, 126, 168])[0m
[97m[INFO ] Selecting reference view using strategy: first[0m
[97m[INFO ] Model Forward Pass Done. Time: 0.8557248115539551 seconds[0m
[97m[INFO ] Conversion to Prediction Done. Time: 5.7697296142578125e-05 seconds[0m
[97m[INFO ] Processed Images Done taking 0.009524106979370117 seconds. Shape:  torch.Size([6, 3, 126, 168])[0m
[97m[INFO ] Selecting reference view using strategy: first[0m
[97m[INFO ] Model Forward Pass Done. Time: 1.2675352096557617 seconds[0m
[97m[INFO ] Conversion to Prediction Done. Time: 5.817413330078125e-05 seconds[0m
[97m[INFO ] Processed Images Done taking 0.022581815719604492 seconds. Shape:  torch.Size([6, 3, 126, 168])[0m
[97m[INFO ] Selecting reference view using strategy: first[0m
[97m[INFO ] Model Forward Pass Done. Time: 1.2689459323883057 seconds[0m
[97m[INFO ] Conversion to Prediction Done. Time: 5.984306335449219e-05 seconds[0m
[97m[INFO ] Processed Images Done taking 0.006837368011474609 seconds. Shape:  torch.Size([3, 3, 126, 168])[0m
[97m[INFO ] Selecting reference view using strategy: first[0m
[97m[INFO ] Model Forward Pass Done. Time: 0.6463205814361572 seconds[0m
[97m[INFO ] Conversion to Prediction Done. Time: 5.936622619628906e-05 seconds[0m
rgbd_dataset_freiburg1_xyz: 61/80
[97m[INFO ] Processed Images Done taking 0.006114006042480469 seconds. Shape:  torch.Size([3, 3, 126, 168])[0m
[97m[INFO ] Selecting reference view using strategy: first[0m
[97m[INFO ] Model Forward Pass Done. Time: 0.5786299705505371 seconds[0m
[97m[INFO ] Conversion to Prediction Done. Time: 5.7220458984375e-05 seconds[0m
[97m[INFO ] Processed Images Done taking 0.007372617721557617 seconds. Shape:  torch.Size([4, 3, 126, 168])[0m
[97m[INFO ] Selecting reference view using strategy: first[0m
[97m[INFO ] Model Forward Pass Done. Time: 0.8529453277587891 seconds[0m
[97m[INFO ] Conversion to Prediction Done. Time: 5.602836608886719e-05 seconds[0m
[97m[INFO ] Processed Images Done taking 0.0070896148681640625 seconds. Shape:  torch.Size([4, 3, 126, 168])[0m
[97m[INFO ] Selecting reference view using strategy: first[0m
[97m[INFO ] Model Forward Pass Done. Time: 0.9460382461547852 seconds[0m
[97m[INFO ] Conversion to Prediction Done. Time: 5.6743621826171875e-05 seconds[0m
[97m[INFO ] Processed Images Done taking 0.014698982238769531 seconds. Shape:  torch.Size([7, 3, 126, 168])[0m
[97m[INFO ] Selecting reference view using strategy: first[0m
[97m[INFO ] Model Forward Pass Done. Time: 1.4147660732269287 seconds[0m
[97m[INFO ] Conversion to Prediction Done. Time: 5.745887756347656e-05 seconds[0m
[97m[INFO ] Processed Images Done taking 0.012815475463867188 seconds. Shape:  torch.Size([6, 3, 126, 168])[0m
[97m[INFO ] Selecting reference view using strategy: first[0m
[97m[INFO ] Model Forward Pass Done. Time: 1.1922924518585205 seconds[0m
[97m[INFO ] Conversion to Prediction Done. Time: 6.008148193359375e-05 seconds[0m
[97m[INFO ] Processed Images Done taking 0.011977672576904297 seconds. Shape:  torch.Size([6, 3, 126, 168])[0m
[97m[INFO ] Selecting reference view using strategy: first[0m
[97m[INFO ] Model Forward Pass Done. Time: 1.2516348361968994 seconds[0m
[97m[INFO ] Conversion to Prediction Done. Time: 8.440017700195312e-05 seconds[0m
[97m[INFO ] Processed Images Done taking 0.028508663177490234 seconds. Shape:  torch.Size([6, 3, 126, 168])[0m
[97m[INFO ] Selecting reference view using strategy: first[0m
[97m[INFO ] Model Forward Pass Done. Time: 1.1629400253295898 seconds[0m
[97m[INFO ] Conversion to Prediction Done. Time: 5.4836273193359375e-05 seconds[0m
[97m[INFO ] Processed Images Done taking 0.009367227554321289 seconds. Shape:  torch.Size([3, 3, 126, 168])[0m
[97m[INFO ] Selecting reference view using strategy: first[0m
[97m[INFO ] Model Forward Pass Done. Time: 0.701704740524292 seconds[0m
[97m[INFO ] Conversion to Prediction Done. Time: 5.626678466796875e-05 seconds[0m
[97m[INFO ] Processed Images Done taking 0.007455587387084961 seconds. Shape:  torch.Size([3, 3, 126, 168])[0m
[97m[INFO ] Selecting reference view using strategy: first[0m
[97m[INFO ] Model Forward Pass Done. Time: 0.6801242828369141 seconds[0m
[97m[INFO ] Conversion to Prediction Done. Time: 5.984306335449219e-05 seconds[0m
[97m[INFO ] Processed Images Done taking 0.009969711303710938 seconds. Shape:  torch.Size([4, 3, 126, 168])[0m
[97m[INFO ] Selecting reference view using strategy: first[0m
[97m[INFO ] Model Forward Pass Done. Time: 1.0473361015319824 seconds[0m
[97m[INFO ] Conversion to Prediction Done. Time: 6.008148193359375e-05 seconds[0m
[97m[INFO ] Processed Images Done taking 0.008380413055419922 seconds. Shape:  torch.Size([4, 3, 126, 168])[0m
[97m[INFO ] Selecting reference view using strategy: first[0m
[97m[INFO ] Model Forward Pass Done. Time: 0.8828015327453613 seconds[0m
[97m[INFO ] Conversion to Prediction Done. Time: 6.651878356933594e-05 seconds[0m
[97m[INFO ] Processed Images Done taking 0.010404825210571289 seconds. Shape:  torch.Size([6, 3, 126, 168])[0m
[97m[INFO ] Selecting reference view using strategy: first[0m
[97m[INFO ] Model Forward Pass Done. Time: 1.360701084136963 seconds[0m
[97m[INFO ] Conversion to Prediction Done. Time: 5.602836608886719e-05 seconds[0m
[97m[INFO ] Processed Images Done taking 0.025600433349609375 seconds. Shape:  torch.Size([18, 3, 126, 168])[0m
[97m[INFO ] Selecting reference view using strategy: first[0m
[97m[INFO ] Model Forward Pass Done. Time: 4.700157642364502 seconds[0m
[97m[INFO ] Conversion to Prediction Done. Time: 8.7738037109375e-05 seconds[0m
[97m[INFO ] Processed Images Done taking 0.011892080307006836 seconds. Shape:  torch.Size([6, 3, 126, 168])[0m
[97m[INFO ] Selecting reference view using strategy: first[0m
[97m[INFO ] Model Forward Pass Done. Time: 1.3303067684173584 seconds[0m
[97m[INFO ] Conversion to Prediction Done. Time: 7.724761962890625e-05 seconds[0m
[97m[INFO ] Processed Images Done taking 0.0195162296295166 seconds. Shape:  torch.Size([6, 3, 126, 168])[0m
[97m[INFO ] Selecting reference view using strategy: first[0m
[97m[INFO ] Model Forward Pass Done. Time: 1.2687532901763916 seconds[0m
[97m[INFO ] Conversion to Prediction Done. Time: 5.7220458984375e-05 seconds[0m
[97m[INFO ] Processed Images Done taking 0.011449098587036133 seconds. Shape:  torch.Size([6, 3, 126, 168])[0m
[97m[INFO ] Selecting reference view using strategy: first[0m
[97m[INFO ] Model Forward Pass Done. Time: 1.3155591487884521 seconds[0m
[97m[INFO ] Conversion to Prediction Done. Time: 5.459785461425781e-05 seconds[0m
[97m[INFO ] Processed Images Done taking 0.008280277252197266 seconds. Shape:  torch.Size([3, 3, 126, 168])[0m
[97m[INFO ] Selecting reference view using strategy: first[0m
[97m[INFO ] Model Forward Pass Done. Time: 0.6126518249511719 seconds[0m
[97m[INFO ] Conversion to Prediction Done. Time: 5.841255187988281e-05 seconds[0m
[97m[INFO ] Processed Images Done taking 0.0072400569915771484 seconds. Shape:  torch.Size([3, 3, 126, 168])[0m
[97m[INFO ] Selecting reference view using strategy: first[0m
[97m[INFO ] Model Forward Pass Done. Time: 0.7168114185333252 seconds[0m
[97m[INFO ] Conversion to Prediction Done. Time: 8.96453857421875e-05 seconds[0m
[97m[INFO ] Processed Images Done taking 0.008745670318603516 seconds. Shape:  torch.Size([4, 3, 126, 168])[0m
[97m[INFO ] Selecting reference view using strategy: first[0m
[97m[INFO ] Model Forward Pass Done. Time: 0.8102312088012695 seconds[0m
[97m[INFO ] Conversion to Prediction Done. Time: 5.555152893066406e-05 seconds[0m
rgbd_dataset_freiburg1_xyz: 71/80
[97m[INFO ] Processed Images Done taking 0.00864410400390625 seconds. Shape:  torch.Size([4, 3, 126, 168])[0m
[97m[INFO ] Selecting reference view using strategy: first[0m
[97m[INFO ] Model Forward Pass Done. Time: 0.7849812507629395 seconds[0m
[97m[INFO ] Conversion to Prediction Done. Time: 5.91278076171875e-05 seconds[0m
[97m[INFO ] Processed Images Done taking 0.010413169860839844 seconds. Shape:  torch.Size([5, 3, 126, 168])[0m
[97m[INFO ] Selecting reference view using strategy: first[0m
[97m[INFO ] Model Forward Pass Done. Time: 1.0121474266052246 seconds[0m
[97m[INFO ] Conversion to Prediction Done. Time: 8.177757263183594e-05 seconds[0m
[97m[INFO ] Processed Images Done taking 0.00793910026550293 seconds. Shape:  torch.Size([3, 3, 126, 168])[0m
[97m[INFO ] Selecting reference view using strategy: first[0m
[97m[INFO ] Model Forward Pass Done. Time: 0.5811059474945068 seconds[0m
[97m[INFO ] Conversion to Prediction Done. Time: 6.175041198730469e-05 seconds[0m
[97m[INFO ] Processed Images Done taking 0.006537675857543945 seconds. Shape:  torch.Size([3, 3, 126, 168])[0m
[97m[INFO ] Selecting reference view using strategy: first[0m
[97m[INFO ] Model Forward Pass Done. Time: 0.6062312126159668 seconds[0m
[97m[INFO ] Conversion to Prediction Done. Time: 5.435943603515625e-05 seconds[0m
[97m[INFO ] Processed Images Done taking 0.008693933486938477 seconds. Shape:  torch.Size([4, 3, 126, 168])[0m
[97m[INFO ] Selecting reference view using strategy: first[0m
[97m[INFO ] Model Forward Pass Done. Time: 0.7881991863250732 seconds[0m
[97m[INFO ] Conversion to Prediction Done. Time: 5.53131103515625e-05 seconds[0m
[97m[INFO ] Processed Images Done taking 0.0075397491455078125 seconds. Shape:  torch.Size([4, 3, 126, 168])[0m
[97m[INFO ] Selecting reference view using strategy: first[0m
[97m[INFO ] Model Forward Pass Done. Time: 0.7907581329345703 seconds[0m
[97m[INFO ] Conversion to Prediction Done. Time: 5.698204040527344e-05 seconds[0m
[97m[INFO ] Processed Images Done taking 0.009896993637084961 seconds. Shape:  torch.Size([6, 3, 126, 168])[0m
[97m[INFO ] Selecting reference view using strategy: first[0m
[97m[INFO ] Model Forward Pass Done. Time: 1.2397129535675049 seconds[0m
[97m[INFO ] Conversion to Prediction Done. Time: 6.175041198730469e-05 seconds[0m
[97m[INFO ] Processed Images Done taking 0.012262582778930664 seconds. Shape:  torch.Size([6, 3, 126, 168])[0m
[97m[INFO ] Selecting reference view using strategy: first[0m
[97m[INFO ] Model Forward Pass Done. Time: 1.1909434795379639 seconds[0m
[97m[INFO ] Conversion to Prediction Done. Time: 5.793571472167969e-05 seconds[0m
[97m[INFO ] Processed Images Done taking 0.013094186782836914 seconds. Shape:  torch.Size([6, 3, 126, 168])[0m
[97m[INFO ] Selecting reference view using strategy: first[0m
[97m[INFO ] Model Forward Pass Done. Time: 1.2401609420776367 seconds[0m
[97m[INFO ] Conversion to Prediction Done. Time: 5.459785461425781e-05 seconds[0m
[97m[INFO ] Processed Images Done taking 0.007332324981689453 seconds. Shape:  torch.Size([3, 3, 126, 168])[0m
[97m[INFO ] Selecting reference view using strategy: first[0m
[97m[INFO ] Model Forward Pass Done. Time: 0.5906190872192383 seconds[0m
[97m[INFO ] Conversion to Prediction Done. Time: 5.7220458984375e-05 seconds[0m
[97m[INFO ] Processed Images Done taking 0.0072209835052490234 seconds. Shape:  torch.Size([3, 3, 126, 168])[0m
[97m[INFO ] Selecting reference view using strategy: first[0m
[97m[INFO ] Model Forward Pass Done. Time: 0.5844643115997314 seconds[0m
[97m[INFO ] Conversion to Prediction Done. Time: 5.6743621826171875e-05 seconds[0m
[97m[INFO ] Processed Images Done taking 0.008390426635742188 seconds. Shape:  torch.Size([4, 3, 126, 168])[0m
[97m[INFO ] Selecting reference view using strategy: first[0m
[97m[INFO ] Model Forward Pass Done. Time: 0.8072288036346436 seconds[0m
[97m[INFO ] Conversion to Prediction Done. Time: 5.53131103515625e-05 seconds[0m
[97m[INFO ] Processed Images Done taking 0.007981061935424805 seconds. Shape:  torch.Size([4, 3, 126, 168])[0m
[97m[INFO ] Selecting reference view using strategy: first[0m
[97m[INFO ] Model Forward Pass Done. Time: 0.8075392246246338 seconds[0m
[97m[INFO ] Conversion to Prediction Done. Time: 5.8650970458984375e-05 seconds[0m
[97m[INFO ] Processed Images Done taking 0.019653797149658203 seconds. Shape:  torch.Size([6, 3, 126, 168])[0m
[97m[INFO ] Selecting reference view using strategy: first[0m
[97m[INFO ] Model Forward Pass Done. Time: 1.3662474155426025 seconds[0m
[97m[INFO ] Conversion to Prediction Done. Time: 5.9604644775390625e-05 seconds[0m
[97m[INFO ] Processed Images Done taking 0.026001453399658203 seconds. Shape:  torch.Size([17, 3, 126, 168])[0m
[97m[INFO ] Selecting reference view using strategy: first[0m
[97m[INFO ] Model Forward Pass Done. Time: 3.8158810138702393 seconds[0m
[97m[INFO ] Conversion to Prediction Done. Time: 6.0558319091796875e-05 seconds[0m
[97m[INFO ] Processed Images Done taking 0.011649370193481445 seconds. Shape:  torch.Size([6, 3, 126, 168])[0m
[97m[INFO ] Selecting reference view using strategy: first[0m
[97m[INFO ] Model Forward Pass Done. Time: 1.3926842212677002 seconds[0m
[97m[INFO ] Conversion to Prediction Done. Time: 5.888938903808594e-05 seconds[0m
[97m[INFO ] Processed Images Done taking 0.018695354461669922 seconds. Shape:  torch.Size([6, 3, 126, 168])[0m
[97m[INFO ] Selecting reference view using strategy: first[0m
[97m[INFO ] Model Forward Pass Done. Time: 1.357372522354126 seconds[0m
[97m[INFO ] Conversion to Prediction Done. Time: 5.4836273193359375e-05 seconds[0m
[97m[INFO ] Processed Images Done taking 0.008516073226928711 seconds. Shape:  torch.Size([6, 3, 126, 168])[0m
[97m[INFO ] Selecting reference view using strategy: first[0m
[97m[INFO ] Model Forward Pass Done. Time: 1.5253710746765137 seconds[0m
[97m[INFO ] Conversion to Prediction Done. Time: 5.7220458984375e-05 seconds[0m
Report: reports/concurrency_review_2026-09-25/followup/passive_sequential/README.md
